<?xml version="1.0"?>
<idPkg:Story xmlns:idPkg="http://ns.adobe.com/AdobeInDesign/idml/1.0/packaging" DOMVersion="6.0">
  <Story Self="utrr" AppliedTOCStyle="n" TrackChanges="false" StoryTitle="$ID/" AppliedNamedGrid="n">
    <StoryPreference OpticalMarginAlignment="false" OpticalMarginSize="12" FrameType="TextFrameType" StoryOrientation="Horizontal" StoryDirection="LeftToRightDirection" />
    <InCopyExportOption IncludeGraphicProxies="true" IncludeAllResources="false" />
    <ParagraphStyleRange AppliedParagraphStyle="ParagraphStyle/@page:right-top-right" Justification="RightAlign">
      <CharacterStyleRange AppliedCharacterStyle="@page:right-top-right" PageNumberType="TextVariable">
        <TextVariableInstance Self="ul1" Name="LG_1" ResultText="&amp;lt;Last&amp;gt;" AssociatedTextVariable="dTextVariablenLast1" />
      </CharacterStyleRange>
      <CharacterStyleRange AppliedCharacterStyle="CharacterStyle/xhomographnumber_headword_entry_letData_dicBody" PageNumberType="TextVariable">
        <TextVariableInstance Self="u678" Name="HGL" ResultText="&amp;lt;HomoGraph&amp;gt;" AssociatedTextVariable="dTextVariablenHomoGraphL" />
      </CharacterStyleRange>
      <CharacterStyleRange AppliedCharacterStyle="@page:right-top-right" PageNumberType="TextVariable">
        <TextVariableInstance Self="ul1" Name="LG_3" ResultText="&amp;lt;Last&amp;gt;" AssociatedTextVariable="dTextVariablenLast3" />
      </CharacterStyleRange>
      <CharacterStyleRange AppliedCharacterStyle="CharacterStyle/xhomographnumber_headword_entry_letData_dicBody" PageNumberType="TextVariable">
        <TextVariableInstance Self="u678" Name="HGL" ResultText="&amp;lt;HomoGraph&amp;gt;" AssociatedTextVariable="dTextVariablenHomoGraphL" />
      </CharacterStyleRange>
      <CharacterStyleRange AppliedCharacterStyle="@page:right-top-right" PageNumberType="TextVariable">
        <TextVariableInstance Self="ul1" Name="LG_4" ResultText="&amp;lt;Last&amp;gt;" AssociatedTextVariable="dTextVariablenLast4" />
      </CharacterStyleRange>
      <CharacterStyleRange AppliedCharacterStyle="CharacterStyle/xhomographnumber_headword_entry_letData_dicBody" PageNumberType="TextVariable">
        <TextVariableInstance Self="u678" Name="HGL" ResultText="&amp;lt;HomoGraph&amp;gt;" AssociatedTextVariable="dTextVariablenHomoGraphL" />
      </CharacterStyleRange>
    </ParagraphStyleRange>
  </Story>
</idPkg:Story>