<?xml version="1.0"?>
<idPkg:Story xmlns:idPkg="http://ns.adobe.com/AdobeInDesign/idml/1.0/packaging" DOMVersion="6.0">
  <Story Self="10" AppliedTOCStyle="n" TrackChanges="false" StoryTitle="$ID/" AppliedNamedGrid="n">
    <StoryPreference OpticalMarginAlignment="false" OpticalMarginSize="12" FrameType="TextFrameType" StoryOrientation="Horizontal" StoryDirection="LeftToRightDirection" />
    <InCopyExportOption IncludeGraphicProxies="true" IncludeAllResources="false" />
    <ParagraphStyleRange AppliedParagraphStyle="ParagraphStyle/entry_1">
      <CharacterStyleRange AppliedCharacterStyle="CharacterStyle/headword">
        <Content>huh yi</Content>
      </CharacterStyleRange>
      <CharacterStyleRange AppliedCharacterStyle="CharacterStyle/headword..after">
        <Content> </Content>
      </CharacterStyleRange>
      <CharacterStyleRange AppliedCharacterStyle="CharacterStyle/pronunciation..before_1">
        <Content>[</Content>
      </CharacterStyleRange>
      <CharacterStyleRange AppliedCharacterStyle="CharacterStyle/pronunciation_1">
        <Content>ʁuʁ yi</Content>
      </CharacterStyleRange>
      <CharacterStyleRange AppliedCharacterStyle="CharacterStyle/pronunciation..after_1">
        <Content>]</Content>
      </CharacterStyleRange>
      <CharacterStyleRange AppliedCharacterStyle="CharacterStyle/pronunciations..after_1">
        <Content> </Content>
      </CharacterStyleRange>
      <CharacterStyleRange AppliedCharacterStyle="CharacterStyle/LexEntrypublishStemParaPotentialmode_1">
        <Content>PotentialMode: gehuh</Content>
      </CharacterStyleRange>
      <CharacterStyleRange AppliedCharacterStyle="CharacterStyle/LexEntrypublishStemParaPotentialmode..after_1">
        <Content> </Content>
      </CharacterStyleRange>
      <CharacterStyleRange AppliedCharacterStyle="CharacterStyle/xsensenumber_3">
        <Content>1) </Content>
      </CharacterStyleRange>
      <CharacterStyleRange AppliedCharacterStyle="CharacterStyle/partofspeech_3">
        <Content>Class2</Content>
      </CharacterStyleRange>
      <CharacterStyleRange AppliedCharacterStyle="CharacterStyle/partofspeech..after_3">
        <Content> </Content>
      </CharacterStyleRange>
      <CharacterStyleRange AppliedCharacterStyle="CharacterStyle/grammaticalinfo..after_3">
        <Content />
      </CharacterStyleRange>
      <CharacterStyleRange AppliedCharacterStyle="CharacterStyle/xlanguagetag_15">
        <Content>Eng </Content>
      </CharacterStyleRange>
      <CharacterStyleRange AppliedCharacterStyle="CharacterStyle/xitem_7">
        <Content>restrain oneself, hold back, refrain, to remain calm--used with the appropriate pronoun, </Content>
      </CharacterStyleRange>
      <CharacterStyleRange AppliedCharacterStyle="CharacterStyle/span_2">
        <Content>yi, ham</Content>
      </CharacterStyleRange>
      <CharacterStyleRange AppliedCharacterStyle="CharacterStyle/xitem_7">
        <Content>, etc.</Content>
      </CharacterStyleRange>
      <CharacterStyleRange AppliedCharacterStyle="CharacterStyle/xitem-xitem_definition..before_3">
        <Content> </Content>
      </CharacterStyleRange>
      <CharacterStyleRange AppliedCharacterStyle="CharacterStyle/xlanguagetag_16">
        <Content>Pdg </Content>
      </CharacterStyleRange>
      <CharacterStyleRange AppliedCharacterStyle="CharacterStyle/xitem_.tpi_3">
        <Content>sindaun isi</Content>
      </CharacterStyleRange>
      <CharacterStyleRange AppliedCharacterStyle="CharacterStyle/definition..after_3">
        <Content> </Content>
      </CharacterStyleRange>
      <CharacterStyleRange AppliedCharacterStyle="CharacterStyle/xlanguagetag_35">
        <Content>Bua </Content>
      </CharacterStyleRange>
      <CharacterStyleRange AppliedCharacterStyle="CharacterStyle/example_12">
        <Content>Ham huh ham geham su vonġ baar rë</Content>
      </CharacterStyleRange>
      <CharacterStyleRange AppliedCharacterStyle="CharacterStyle/example..after_12">
        <Content> </Content>
      </CharacterStyleRange>
      <CharacterStyleRange AppliedCharacterStyle="CharacterStyle/xlanguagetag_36">
        <Content>Eng </Content>
      </CharacterStyleRange>
      <CharacterStyleRange AppliedCharacterStyle="CharacterStyle/translation_12">
        <Content>You held back and didn't play football</Content>
      </CharacterStyleRange>
      <CharacterStyleRange AppliedCharacterStyle="CharacterStyle/translation..after_12">
        <Content> </Content>
      </CharacterStyleRange>
      <CharacterStyleRange AppliedCharacterStyle="CharacterStyle/examples..after_3">
        <Content />
      </CharacterStyleRange><Br/></ParagraphStyleRange>
  </Story>
</idPkg:Story>