<?xml version="1.0"?>
<idPkg:Story xmlns:idPkg="http://ns.adobe.com/AdobeInDesign/idml/1.0/packaging" DOMVersion="6.0">
  <Story Self="utla" AppliedTOCStyle="n" TrackChanges="false" StoryTitle="$ID/" AppliedNamedGrid="n">
    <StoryPreference OpticalMarginAlignment="false" OpticalMarginSize="12" FrameType="TextFrameType" StoryOrientation="Horizontal" StoryDirection="LeftToRightDirection" />
    <InCopyExportOption IncludeGraphicProxies="true" IncludeAllResources="false" />
    <ParagraphStyleRange AppliedParagraphStyle="ParagraphStyle/@page-top-left" Justification="LeftAlign">
      <CharacterStyleRange AppliedCharacterStyle="@page-top-left" PageNumberType="TextVariable">
        <TextVariableInstance Self="uf1" Name="FG_1" ResultText="&amp;lt;First&amp;gt;" AssociatedTextVariable="dTextVariablenFirst1" />
      </CharacterStyleRange>
    </ParagraphStyleRange>
  </Story>
</idPkg:Story>