\font\nameletData="Times New Roman" at 48pt
\font\slotnameletData="Times New Roman" at 24pt
\font\letData="Times New Roman" at 48pt

\letData{letdata }\slotnameletData{slotname }\nameletData{nameclass }

\bye
