\font\letter="Adobe Garamond Pro:+c2sc,+smcp" at 24pt
\letter To test the small cap feature


\bye
