\font\c="Times New Roman" at 12pt
\font\b="Times New Roman" at 12pt
\font\a="Times New Roman" at 12pt
\a{Left}

\centerline{\b{Center}
}
\c{Left}


\bye
