\font\justify="Times New Roman" at 12pt
\line{\justify This is a sample text to test Justify Align
}

\bye
