<?xml version="1.0"?>
<idPkg:Story xmlns:idPkg="http://ns.adobe.com/AdobeInDesign/idml/1.0/packaging" DOMVersion="6.0">
  <Story Self="ubla" AppliedTOCStyle="n" TrackChanges="false" StoryTitle="$ID/" AppliedNamedGrid="n">
    <StoryPreference OpticalMarginAlignment="false" OpticalMarginSize="12" FrameType="TextFrameType" StoryOrientation="Horizontal" StoryDirection="LeftToRightDirection" />
    <InCopyExportOption IncludeGraphicProxies="true" IncludeAllResources="false" />
    <ParagraphStyleRange AppliedParagraphStyle="ParagraphStyle/@page-bottom-left" Justification="LeftAlign">
      <CharacterStyleRange AppliedCharacterStyle="CharacterStyle/@page-bottom-left" PageNumberType="TextVariable">
        <TextVariableInstance Self="ul1" Name="LastGuideword" ResultText="&amp;lt;Last&amp;gt;" AssociatedTextVariable="dTextVariablenLast" />
      </CharacterStyleRange>
      <CharacterStyleRange AppliedCharacterStyle="CharacterStyle/xhomographnumber_headword_entry_letData_dicBody" PageNumberType="TextVariable">
        <TextVariableInstance Self="u678" Name="HomoGraphNumberL" ResultText="&amp;lt;HomoGraph&amp;gt;" AssociatedTextVariable="dTextVariablenHomoGraphL" />
      </CharacterStyleRange>
    </ParagraphStyleRange>
  </Story>
</idPkg:Story>