<?xml version="1.0"?><html xmlns="http://www.w3.org/1999/xhtml" xml:lang="utf-8" lang="utf-8"><head><link rel="stylesheet" href="Preview.css" type="text/css" /><meta name="description" content="Tok Pisin exported by DALLAS\Trihus on February 11, 2009 at 10:49 AM" /><title xmlns="">Preview</title></head><body class="scrBody"><div class="scrBook"><span class="scrBookName" lang="en">Matthew</span><div class="Title_Main"><span lang="tpi">Gutnius Matyu i raitim</span></div><div class="scrIntroSection"><div class="Intro_Section_Head"><span lang="tpi">Tok i go pas</span></div><div class="Intro_Paragraph"><span lang="tpi">Gutnius Matyu i raitim em i namba wan bilong ol
                                    4-pela buk i stori long ol samting i bin kamap long Jisas long
                                    taim em i stap long graun. Dispela buk i mustori pastaim long ol
                                    samting i bin kamap long taim Maria i karim Jisas, na em i stori
                                    i go inap long taim ol i kilim Jisas i dai, na em i kirap bek
                                    long matmat, na em i lusim ol lain bilong en na i go antap long
                                    heven. Wanpela bikpela samting Matyu i laik soim, em i olsem,
                                    Jisas em inapim tru ol promis God i bin mekim bipo na ol i bin
                                    raitim long ol buk i stap long Olpela Kontrak o Olpela Testamen.
                             </span></div></div><div class="border" xmlns="" /><div class="scrSection"><div class="Chapter_Head"><span lang="tpi">Jisas i kamap long graun</span></div><div class="Section_Head"><span lang="tpi">Nem bilong ol lain tumbuna bilong Jisas Krais</span></div><div class="Paragraph"><span lang="tpi" /><span class="Chapter_Number" lang="tpi">1</span><span class="Verse_Number" lang="tpi">1</span><span lang="tpi">Dispela †  em i tok long ol lain tumbuna bilong Jisas
                                    Krais. Jisas em i bilong lain bilong Devit na Devit em i bilong
                                    lain bilong Abraham. replace text here</span></div><div class="Paragraph"><span class="Verse_Number" lang="tpi">2</span><span lang="tpi">Abraham em i papa bilong Aisak</span><span class="scrFootnoteMarker"><a href="#F7BE51147-AA97-40A2-BA86-4DF84849E9F9">a</a></span><span lang="tpi">. Na Aisak em i papa bilong Jekop. Na Jekop em i papa
                                    bilong Juda wantaim ol brata bilong en. ‡ </span><span class="Verse_Number" lang="tpi">3</span><span lang="tpi">Juda †  em i papa bilong Peres wantaim Sera. Mama
                                    bilong tupela em Tamar. Na Peres em i papa bilong Hesron. Na
                                    Hesron em i papa bilong Ram. </span><span class="Verse_Number" lang="tpi">4</span><span lang="tpi">Na Ram em i papa bilong Aminadap. Na Aminadap em i
                                    papa bilong Nason. Na Nason em i papa bilong Salmon. </span><span class="Verse_Number" lang="tpi">5</span><span lang="tpi">Na Salmon em i papa bilong Boas. Mama bilong en em
                                    Rahap. Na Boas em i papa bilong Obet. Mama bilong en em Rut. Na
                                    Obet em i papa bilong Jesi. </span><span class="Verse_Number" lang="tpi">6</span><span lang="tpi">Na †  Jesi em i papa bilong King Devit</span><span class="scrFootnoteMarker"><a href="#FA94A4499-63D2-4B83-A49E-56F8CF6F92C9">b</a></span><span lang="tpi">.</span></div><div class="Paragraph"><div class="pictureCenter"><img class="picture" src="1.jpg" alt="Pictures/j0384909.jpg" longdesc="Pictures/flea1.jpg" /><div class="pictureCaption"><span lang="tpi">caption</span></div></div><span lang="tpi">Na Devit em i papa bilong Solomon. Mama bilong
                                    Solomon bipo em i bin i stap meri bilong Uria. ‡ </span><span class="Verse_Number" lang="tpi">7</span><span lang="tpi">Na †  Solomon em i papa bilong Rehoboam. Na Rehoboam
                                    em i papa bilong Abiya. Na Abiya em i papa bilong Asa. </span><span class="Verse_Number" lang="tpi">8</span><span lang="tpi">Na Asa em i papa bilong Jehosafat. Na Jehosafat em i
                                    papa bilong Jehoram. Na Jehoram em i papa bilong Usia. </span><span class="Verse_Number" lang="tpi">9</span><span lang="tpi">Na Usia em i papa bilong Jotam. Na Jotam em i papa
                                    bilong Ahas. Na Ahas em i papa bilong Hesekia. </span><span class="Verse_Number" lang="tpi">10</span><span lang="tpi">Na Hesekia em i papa bilong Manase. Na Manase em i
                                    papa bilong Emon. Na Emon em i papa bilong Josaia. </span><span class="Verse_Number" lang="tpi">11</span><span lang="tpi">Na †  Josaia em i papa bilong Jehoiakin wantaim na ol
                                    brata bilong en. Long dispela taim ol Israel i go kalabus long
                                    Babilon.</span></div></div></div></body></html>