<?xml version="1.0"?>
<idPkg:MasterSpread xmlns:idPkg="http://ns.adobe.com/AdobeInDesign/idml/1.0/packaging" DOMVersion="6.0">
  <MasterSpread Self="MasterSpread_First" ItemTransform="1 0 0 1 0 0" Name="F-FirstPage" NamePrefix="F" BaseName="FirstPage" ShowMasterItems="true" PageCount="1" OverriddenPageItemProps="">
    <Page Self="page1" Name="F" AppliedTrapPreset="TrapPreset/$ID/kDefaultTrapStyleName" AppliedMaster="n" OverrideList="" TabOrder="" GridStartingPoint="TopOutside" UseMasterGrid="true">
      <MarginPreference ColumnCount="1" ColumnGutter="12" Top="56.69291" Bottom="56.69291" Left="56.69291" Right="56.69291" ColumnDirection="Horizontal" ColumnsPositions="0 498.6142" />
      <GridDataInformation FontStyle="Regular" PointSize="12" CharacterAki="0" LineAki="9" HorizontalScale="100" VerticalScale="100" LineAlignment="LeftOrTopLineJustify" GridAlignment="AlignEmCenter" CharacterAlignment="AlignEmCenter">
        <Properties>
          <AppliedFont type="string">Times New Roman</AppliedFont>
        </Properties>
      </GridDataInformation>
    </Page>
    <TextFrame Self="topleft" ParentStory="u19c" PreviousTextFrame="u104" NextTextFrame="n" ContentType="TextType" AllowOverrides="true" StrokeWeight="1" GradientFillStart="0 0" GradientFillLength="0" GradientFillAngle="0" GradientStrokeStart="0 0" GradientStrokeLength="0" GradientStrokeAngle="0" ItemLayer="ub6" Locked="false" LocalDisplaySetting="Default" GradientFillHiliteLength="0" GradientFillHiliteAngle="0" GradientStrokeHiliteLength="0" GradientStrokeHiliteAngle="0" AppliedObjectStyle="ObjectStyle/$ID/[None]" ItemTransform="1 0 0 1 0 21">
      <Properties>
        <PathGeometry>
          <GeometryPathType PathOpen="false">
            <PathPointArray>
              <PathPointType Anchor="-249.3071 -367.6536" LeftDirection="-249.3071 -367.6536" RightDirection="-249.3071 -367.6536" />
              <PathPointType Anchor="-249.3071 -391.6536" LeftDirection="-249.3071 -391.6536" RightDirection="-249.3071 -391.6536" />
              <PathPointType Anchor="-22 -391.6536" LeftDirection="-22 -391.6536" RightDirection="-22 -391.6536" />
              <PathPointType Anchor="-22 -367.6536" LeftDirection="-22 -367.6536" RightDirection="-22 -367.6536" />
            </PathPointArray>
          </GeometryPathType>
        </PathGeometry>
        <Label>
          <KeyValuePair Key="Label" Value="Master" />
        </Label>
      </Properties>
      <TextFramePreference TextColumnFixedWidth="166.2047" VerticalJustification="TopAlign" />
      <TextWrapPreference Inverse="false" ApplyToMasterPageOnly="false" TextWrapSide="BothSides" TextWrapMode="None">
        <Properties>
          <TextWrapOffset Top="36" Left="72" Bottom="36" Right="72" />
        </Properties>
      </TextWrapPreference>
    </TextFrame>
    <TextFrame Self="topcenter" ParentStory="u19c" PreviousTextFrame="u104" NextTextFrame="n" ContentType="TextType" AllowOverrides="true" StrokeWeight="1" GradientFillStart="0 0" GradientFillLength="0" GradientFillAngle="0" GradientStrokeStart="0 0" GradientStrokeLength="0" GradientStrokeAngle="0" ItemLayer="ub6" Locked="false" LocalDisplaySetting="Default" GradientFillHiliteLength="0" GradientFillHiliteAngle="0" GradientStrokeHiliteLength="0" GradientStrokeHiliteAngle="0" AppliedObjectStyle="ObjectStyle/$ID/[None]" ItemTransform="1 0 0 1 0 21">
      <Properties>
        <PathGeometry>
          <GeometryPathType PathOpen="false">
            <PathPointArray>
              <PathPointType Anchor="-22 -367.6536" LeftDirection="-22 -367.6536" RightDirection="-22 -367.6536" />
              <PathPointType Anchor="-22 -391.6536" LeftDirection="-22 -391.6536" RightDirection="-22 -391.6536" />
              <PathPointType Anchor="22 -391.6536" LeftDirection="22 -391.6536" RightDirection="22 -391.6536" />
              <PathPointType Anchor="22 -367.6536" LeftDirection="22 -367.6536" RightDirection="22 -367.6536" />
            </PathPointArray>
          </GeometryPathType>
        </PathGeometry>
        <Label>
          <KeyValuePair Key="Label" Value="Master" />
        </Label>
      </Properties>
      <TextFramePreference TextColumnFixedWidth="166.2047" VerticalJustification="TopAlign" />
      <TextWrapPreference Inverse="false" ApplyToMasterPageOnly="false" TextWrapSide="BothSides" TextWrapMode="None">
        <Properties>
          <TextWrapOffset Top="36" Left="72" Bottom="36" Right="72" />
        </Properties>
      </TextWrapPreference>
    </TextFrame>
    <TextFrame Self="topright" ParentStory="u19c" PreviousTextFrame="u104" NextTextFrame="n" ContentType="TextType" AllowOverrides="true" StrokeWeight="1" GradientFillStart="0 0" GradientFillLength="0" GradientFillAngle="0" GradientStrokeStart="0 0" GradientStrokeLength="0" GradientStrokeAngle="0" ItemLayer="ub6" Locked="false" LocalDisplaySetting="Default" GradientFillHiliteLength="0" GradientFillHiliteAngle="0" GradientStrokeHiliteLength="0" GradientStrokeHiliteAngle="0" AppliedObjectStyle="ObjectStyle/$ID/[None]" ItemTransform="1 0 0 1 0 21">
      <Properties>
        <PathGeometry>
          <GeometryPathType PathOpen="false">
            <PathPointArray>
              <PathPointType Anchor="22 -367.6536" LeftDirection="22 -367.6536" RightDirection="22 -367.6536" />
              <PathPointType Anchor="22 -391.6536" LeftDirection="22 -391.6536" RightDirection="22 -391.6536" />
              <PathPointType Anchor="250.3071 -391.6536" LeftDirection="250.3071 -391.6536" RightDirection="250.3071 -391.6536" />
              <PathPointType Anchor="250.3071 -367.6536" LeftDirection="250.3071 -367.6536" RightDirection="250.3071 -367.6536" />
            </PathPointArray>
          </GeometryPathType>
        </PathGeometry>
        <Label>
          <KeyValuePair Key="Label" Value="Master" />
        </Label>
      </Properties>
      <TextFramePreference TextColumnFixedWidth="166.2047" VerticalJustification="TopAlign" />
      <TextWrapPreference Inverse="false" ApplyToMasterPageOnly="false" TextWrapSide="BothSides" TextWrapMode="None">
        <Properties>
          <TextWrapOffset Top="36" Left="72" Bottom="36" Right="72" />
        </Properties>
      </TextWrapPreference>
    </TextFrame>
    <TextFrame Self="bottomleft" ParentStory="u19c" PreviousTextFrame="u104" NextTextFrame="n" ContentType="TextType" AllowOverrides="true" StrokeWeight="1" GradientFillStart="0 0" GradientFillLength="0" GradientFillAngle="0" GradientStrokeStart="0 0" GradientStrokeLength="0" GradientStrokeAngle="0" ItemLayer="ub6" Locked="false" LocalDisplaySetting="Default" GradientFillHiliteLength="0" GradientFillHiliteAngle="0" GradientStrokeHiliteLength="0" GradientStrokeHiliteAngle="0" AppliedObjectStyle="ObjectStyle/$ID/[None]" ItemTransform="1 0 0 1 0 -21.25977">
      <Properties>
        <PathGeometry>
          <GeometryPathType PathOpen="false">
            <PathPointArray>
              <PathPointType Anchor="-249.3071 367.6536" LeftDirection="-249.3071 367.6536" RightDirection="-249.3071 367.6536" />
              <PathPointType Anchor="-249.3071 391.6536" LeftDirection="-249.3071 391.6536" RightDirection="-249.3071 391.6536" />
              <PathPointType Anchor="-22 391.6536" LeftDirection="-22 391.6536" RightDirection="-22 391.6536" />
              <PathPointType Anchor="-22 367.6536" LeftDirection="-22 367.6536" RightDirection="-22 367.6536" />
            </PathPointArray>
          </GeometryPathType>
        </PathGeometry>
        <Label>
          <KeyValuePair Key="Label" Value="Master" />
        </Label>
      </Properties>
      <TextFramePreference TextColumnFixedWidth="166.2047" VerticalJustification="TopAlign" />
      <TextWrapPreference Inverse="false" ApplyToMasterPageOnly="false" TextWrapSide="BothSides" TextWrapMode="None">
        <Properties>
          <TextWrapOffset Top="36" Left="72" Bottom="36" Right="72" />
        </Properties>
      </TextWrapPreference>
    </TextFrame>
    <TextFrame Self="bottomcenter" ParentStory="u19c" PreviousTextFrame="u104" NextTextFrame="n" ContentType="TextType" AllowOverrides="true" StrokeWeight="1" GradientFillStart="0 0" GradientFillLength="0" GradientFillAngle="0" GradientStrokeStart="0 0" GradientStrokeLength="0" GradientStrokeAngle="0" ItemLayer="ub6" Locked="false" LocalDisplaySetting="Default" GradientFillHiliteLength="0" GradientFillHiliteAngle="0" GradientStrokeHiliteLength="0" GradientStrokeHiliteAngle="0" AppliedObjectStyle="ObjectStyle/$ID/[None]" ItemTransform="1 0 0 1 0 -21.25977">
      <Properties>
        <PathGeometry>
          <GeometryPathType PathOpen="false">
            <PathPointArray>
              <PathPointType Anchor="22 367.6536" LeftDirection="22 367.6536" RightDirection="22 367.6536" />
              <PathPointType Anchor="22 391.6536" LeftDirection="22 391.6536" RightDirection="22 391.6536" />
              <PathPointType Anchor="-22 391.6536" LeftDirection="-22 391.6536" RightDirection="-22 391.6536" />
              <PathPointType Anchor="-22 367.6536" LeftDirection="-22 367.6536" RightDirection="-22 367.6536" />
            </PathPointArray>
          </GeometryPathType>
        </PathGeometry>
        <Label>
          <KeyValuePair Key="Label" Value="Master" />
        </Label>
      </Properties>
      <TextFramePreference TextColumnFixedWidth="166.2047" VerticalJustification="TopAlign" />
      <TextWrapPreference Inverse="false" ApplyToMasterPageOnly="false" TextWrapSide="BothSides" TextWrapMode="None">
        <Properties>
          <TextWrapOffset Top="36" Left="72" Bottom="36" Right="72" />
        </Properties>
      </TextWrapPreference>
    </TextFrame>
    <TextFrame Self="bottomright" ParentStory="u19c" PreviousTextFrame="u104" NextTextFrame="n" ContentType="TextType" AllowOverrides="true" StrokeWeight="1" GradientFillStart="0 0" GradientFillLength="0" GradientFillAngle="0" GradientStrokeStart="0 0" GradientStrokeLength="0" GradientStrokeAngle="0" ItemLayer="ub6" Locked="false" LocalDisplaySetting="Default" GradientFillHiliteLength="0" GradientFillHiliteAngle="0" GradientStrokeHiliteLength="0" GradientStrokeHiliteAngle="0" AppliedObjectStyle="ObjectStyle/$ID/[None]" ItemTransform="1 0 0 1 0 -21.25977">
      <Properties>
        <PathGeometry>
          <GeometryPathType PathOpen="false">
            <PathPointArray>
              <PathPointType Anchor="22 367.6536" LeftDirection="22 367.6536" RightDirection="22 367.6536" />
              <PathPointType Anchor="22 391.6536" LeftDirection="22 391.6536" RightDirection="22 391.6536" />
              <PathPointType Anchor="250.3071 391.6536" LeftDirection="250.3071 391.6536" RightDirection="250.3071 391.6536" />
              <PathPointType Anchor="250.3071 367.6536" LeftDirection="250.3071 367.6536" RightDirection="250.3071 367.6536" />
            </PathPointArray>
          </GeometryPathType>
        </PathGeometry>
        <Label>
          <KeyValuePair Key="Label" Value="Master" />
        </Label>
      </Properties>
      <TextFramePreference TextColumnFixedWidth="166.2047" VerticalJustification="TopAlign" />
      <TextWrapPreference Inverse="false" ApplyToMasterPageOnly="false" TextWrapSide="BothSides" TextWrapMode="None">
        <Properties>
          <TextWrapOffset Top="36" Left="72" Bottom="36" Right="72" />
        </Properties>
      </TextWrapPreference>
    </TextFrame>
  </MasterSpread>
</idPkg:MasterSpread>