<?xml version="1.0"?><office:document-content xmlns:office="urn:oasis:names:tc:opendocument:xmlns:office:1.0" xmlns:style="urn:oasis:names:tc:opendocument:xmlns:style:1.0" xmlns:text="urn:oasis:names:tc:opendocument:xmlns:text:1.0" xmlns:table="urn:oasis:names:tc:opendocument:xmlns:table:1.0" xmlns:draw="urn:oasis:names:tc:opendocument:xmlns:drawing:1.0" xmlns:fo="urn:oasis:names:tc:opendocument:xmlns:xsl-fo-compatible:1.0" xmlns:xlink="http://www.w3.org/1999/xlink" xmlns:dc="http://purl.org/dc/elements/1.1/" xmlns:meta="urn:oasis:names:tc:opendocument:xmlns:meta:1.0" xmlns:number="urn:oasis:names:tc:opendocument:xmlns:datastyle:1.0" xmlns:svg="urn:oasis:names:tc:opendocument:xmlns:svg-compatible:1.0" xmlns:chart="urn:oasis:names:tc:opendocument:xmlns:chart:1.0" xmlns:dr3d="urn:oasis:names:tc:opendocument:xmlns:dr3d:1.0" xmlns:math="http://www.w3.org/1998/Math/MathML" xmlns:form="urn:oasis:names:tc:opendocument:xmlns:form:1.0" xmlns:script="urn:oasis:names:tc:opendocument:xmlns:script:1.0" xmlns:ooo="http://openoffice.org/2004/office" xmlns:ooow="http://openoffice.org/2004/writer" xmlns:oooc="http://openoffice.org/2004/calc" xmlns:dom="http://www.w3.org/2001/xml-events" xmlns:xforms="http://www.w3.org/2002/xforms" xmlns:xsd="http://www.w3.org/2001/XMLSchema" xmlns:xsi="http://www.w3.org/2001/XMLSchema-instance" xmlns:rpt="http://openoffice.org/2005/report" xmlns:of="urn:oasis:names:tc:opendocument:xmlns:of:1.2" xmlns:xhtml="http://www.w3.org/1999/xhtml" xmlns:grddl="http://www.w3.org/2003/g/data-view#" xmlns:field="urn:openoffice:names:experimental:ooo-ms-interop:xmlns:field:1.0" xmlns:formx="urn:openoffice:names:experimental:ooxml-odf-interop:xmlns:form:1.0" grddl:transformation="http://docs.oasis-open.org/office/1.2/xslt/odf2rdf.xsl"><office:scripts><office:event-listeners><script:event-listener script:language="ooo:script" script:event-name="dom:load" xlink:href="vnd.sun.star.script:Standard.Module1.StartDontForget?language=Basic&amp;location=document" /></office:event-listeners></office:scripts><office:font-face-decls><style:font-face style:name="Times New Roman" svg:font-family="'Times New Roman'" style:font-family-generic="roman" style:font-pitch="variable" /><style:font-face style:name="Yi plus Phonetics" svg:font-family="'Yi plus Phonetics'" /><style:font-face style:name="Arial" svg:font-family="'Arial'" style:font-family-generic="swiss" style:font-pitch="variable" /><style:font-face style:name="Lucida Sans Unicode" svg:font-family="'Lucida Sans Unicode'" style:font-family-generic="system" style:font-pitch="variable" /><style:font-face style:name="MS Mincho" svg:font-family="'MS Mincho'" style:font-family-generic="system" style:font-pitch="variable" /><style:font-face style:name="Tahoma" svg:font-family="'Tahoma'" style:font-family-generic="system" style:font-pitch="variable" /><style:font-face style:name="Scheherazade Graphite Alpha" svg:font-family="'Scheherazade Graphite Alpha'" /><style:font-face style:name="Latha" svg:font-family="'Latha'" /></office:font-face-decls><office:automatic-styles><style:style style:name="P2" style:family="paragraph" style:parent-style-name="copyright_dicBody" style:master-page-name="TableofContents_20_Page"><style:paragraph-properties style:page-number="auto" /></style:style><style:style style:name="P4" style:family="paragraph" style:master-page-name="First_20_Page"><style:paragraph-properties style:page-number="1" /></style:style><style:style style:name="P5" style:family="paragraph" style:parent-style-name="Text"><style:paragraph-properties fo:text-align="center" style:justify-single-word="false" /></style:style><style:style style:name="T4" style:family="text"><style:text-properties text:display="none" /></style:style><style:style style:name="fr0" style:family="graphic" style:parent-style-name="Graphics"><style:graphic-properties style:run-through="background" style:wrap="run-through" style:number-wrapped-paragraphs="no-limit" style:horizontal-pos="center" style:horizontal-rel="paragraph" fo:clip="rect(0pt, 0pt, 0pt, 0pt)" draw:luminance="0%" draw:contrast="0%" draw:red="0%" draw:green="0%" draw:blue="0%" draw:gamma="100%" draw:color-inversion="false" draw:image-opacity="100%" draw:color-mode="standard" /></style:style><style:style style:name="P2" style:family="paragraph" style:parent-style-name="Frame_20_contents"><style:paragraph-properties fo:text-align="end" style:justify-single-word="false" /></style:style><style:style style:name="fr1" style:family="graphic" style:parent-style-name="Frame"><style:graphic-properties style:wrap="none" style:vertical-pos="from-top" style:vertical-rel="page" style:horizontal-pos="right" style:horizontal-rel="paragraph" fo:padding="0pt" fo:border="none" style:flow-with-text="false" /></style:style>
  <style:style style:name="Sect_scrBook" style:family="section" xmlns:style="urn:oasis:names:tc:opendocument:xmlns:style:1.0">
    <style:section-properties text:dont-balance-text-columns="false" style:editable="false" xmlns:text="urn:oasis:names:tc:opendocument:xmlns:text:1.0">
      <style:columns fo:column-count="1" xmlns:fo="urn:oasis:names:tc:opendocument:xmlns:xsl-fo-compatible:1.0" />
    </style:section-properties>
  </style:style>

  <style:style style:name="Sect_columns" style:family="section" xmlns:style="urn:oasis:names:tc:opendocument:xmlns:style:1.0">
    <style:section-properties text:dont-balance-text-columns="false" style:editable="false" xmlns:text="urn:oasis:names:tc:opendocument:xmlns:text:1.0">
      <style:columns fo:column-count="2" xmlns:fo="urn:oasis:names:tc:opendocument:xmlns:xsl-fo-compatible:1.0">
        <style:column style:rel-width="3.02231*" fo:start-indent="0in" fo:end-indent="0.08333334in" />
        <style:column style:rel-width="3.02231*" fo:start-indent="0.08333334in" fo:end-indent="0in" />
        <style:column-sep style:width="1pt" style:color="#808080" />
      </style:columns>
    </style:section-properties>
  </style:style>
</office:automatic-styles><office:body><office:text><text:variable-decls><text:variable-decl office:value-type="string" text:name="Left_Guideword_L" /><text:variable-decl office:value-type="string" text:name="RLeft_Guideword_L" /><text:variable-decl office:value-type="string" text:name="Right_Guideword_R" /><text:variable-decl office:value-type="string" text:name="RRight_Guideword_R" /></text:variable-decls><text:sequence-decls><text:sequence-decl text:display-outline-level="0" text:name="Illustration" /><text:sequence-decl text:display-outline-level="0" text:name="Table" /><text:sequence-decl text:display-outline-level="0" text:name="Text" /><text:sequence-decl text:display-outline-level="0" text:name="Drawing" /></text:sequence-decls><text:p text:style-name="P4" /><text:section text:style-name="Sect_scrBook" text:name="Sect_scrBook"><text:section text:style-name="Sect_columns" text:name="Sect_columns"><text:p text:style-name="ChapterNumber1"><text:span text:style-name="ChapterNumber_.zxx_Paragraph_scrSection_columns_scrBook_scrBody">1</text:span><text:span text:style-name="ChapterNumber_.zxx"><text:variable-set text:name="Left_Guideword_L" text:display="none" text:formula="ooow: " office:value-type="string" office:string-value="" /></text:span><text:span text:style-name="ChapterNumber_.zxx"><text:variable-set text:name="RLeft_Guideword_L" text:display="none" text:formula="ooow: " office:value-type="string" office:string-value="" /></text:span><text:span text:style-name="ChapterNumber_.zxx"><text:variable-set text:name="Right_Guideword_R" text:display="none" text:formula="ooow: " office:value-type="string" office:string-value="" /></text:span><text:span text:style-name="ChapterNumber_.zxx"><text:variable-set text:name="RRight_Guideword_R" text:display="none" text:formula="ooow: " office:value-type="string" office:string-value="" /></text:span><text:span /><text:span text:style-name="span_.zxx_Paragraph_scrSection_columns_scrBook_scrBody"> <text:span text:style-name="VerseNumber_.zxx_Paragraph_scrSection_columns_scrBook_scrBody">  1‑3 </text:span>Bapa Teofilus yang beta hormat. </text:span></text:p><text:p text:style-name="Paragraph_scrSection_columns_scrBook_scrBody"><text:note text:id="ftn1" text:note-class="footnote"><text:note-citation text:label=" "> </text:note-citation><text:note-body><text:p text:style-name="NoteCrossHYPHENReferenceParagraph"><text:span text:style-name="NoteCrossHYPHENReferenceParagraph..footnote-marker">1.19 </text:span><text:span text:style-name="span_.zxx_NoteCrossHYPHENReferenceParagraph_Paragraph_scrSection_columns_scrBook_scrBody">Dan. 8:16, 9:21</text:span></text:p></text:note-body></text:note><text:bookmark text:name="footnote-luk-5" /><text:span text:style-name="span_.zxx_Paragraph_scrSection_columns_scrBook_scrBody"> <text:span text:style-name="VerseNumber_.zxx_Paragraph_scrSection_columns_scrBook_scrBody"> 19 </text:span> Mar malekat tu bale bilang par dia kata, “Beta ni Gabriel, malekat yang karja par Allah.</text:span><text:note text:id="ftn2" text:note-class="footnote"><text:note-citation text:label="b">b</text:note-citation><text:note-body><text:p text:style-name="NoteGeneralParagraph"><text:span text:style-name="span_.zxx_NoteGeneralParagraph_Paragraph_scrSection_columns_scrBook_scrBody">Bahasa Yunani bilang &quot;Badiri di Allah pung muka&quot;. Ini bisa pung arti &quot;karja par Tuhan&quot;. Mar bisa pung arti lai ‘Badiri di Allah pung muka’. Malekat yang badiri di Allah pung muka pung kuasa labe dari malekat laeng. Jadi, Gabriel bukang malekat biasa.</text:span></text:p></text:note-body></text:note><text:bookmark text:name="footnote-luk-6" /><text:span text:style-name="span_.zxx_Paragraph_scrSection_columns_scrBook_scrBody"> Allah suru beta kasi tau Kabar Bae ni par ale. </text:span><text:span text:style-name="span_.zxx_Paragraph_scrSection_columns_scrBook_scrBody"> <text:span text:style-name="VerseNumber_.zxx_Paragraph_scrSection_columns_scrBook_scrBody"> 20 </text:span>Mar ale seng parcaya apa yang beta bilang. Jadi, ale nanti mou-mou sampe pas apa yang Beta bilang tu, akang jadi.” </text:span></text:p><text:p text:style-name="Paragraph_scrSection_columns_scrBook_scrBody"><text:note text:id="ftn3" text:note-class="footnote"><text:note-citation text:label=" "> </text:note-citation><text:note-body><text:p text:style-name="NoteCrossHYPHENReferenceParagraph"><text:span text:style-name="NoteCrossHYPHENReferenceParagraph..footnote-marker">1.27 </text:span><text:span text:style-name="span_.zxx_NoteCrossHYPHENReferenceParagraph_Paragraph_scrSection_columns_scrBook_scrBody">Mat. 1:18</text:span></text:p></text:note-body></text:note><text:bookmark text:name="footnote-luk-7" /><text:span text:style-name="span_.zxx_Paragraph_scrSection_columns_scrBook_scrBody"> <text:span text:style-name="VerseNumber_.zxx_Paragraph_scrSection_columns_scrBook_scrBody"> 26‑27 </text:span>Waktu Elisabet su deng badang anam bulang, Allah suru malekat Gabriel pi par Maria di kota Nasaret di propinsi Galilea. Maria ni parampuang parawang. Dia su batunangang deng Yusup. Yusup ni, raja Daud pung ana cucu. </text:span><text:span text:style-name="span_.zxx_Paragraph_scrSection_columns_scrBook_scrBody"> <text:span text:style-name="VerseNumber_.zxx_Paragraph_scrSection_columns_scrBook_scrBody"> 28 </text:span>Malekat tu bilang par Maria kata, “Salam Maria! Ale dapa berkat basar dari Tuhan. Antua ada deng ale!” </text:span></text:p><text:p text:style-name="Paragraph_scrSection_columns_scrBook_scrBody"><text:note text:id="ftn4" text:note-class="footnote"><text:note-citation text:label=" "> </text:note-citation><text:note-body><text:p text:style-name="NoteCrossHYPHENReferenceParagraph"><text:span text:style-name="NoteCrossHYPHENReferenceParagraph..footnote-marker">1.32-33 </text:span><text:span text:style-name="span_.zxx_NoteCrossHYPHENReferenceParagraph_Paragraph_scrSection_columns_scrBook_scrBody">2Sam. 7:12, 13, 16; Yes. 9:6</text:span></text:p></text:note-body></text:note><text:bookmark text:name="footnote-luk-9" /><text:span text:style-name="span_.zxx_Paragraph_scrSection_columns_scrBook_scrBody"> <text:span text:style-name="VerseNumber_.zxx_Paragraph_scrSection_columns_scrBook_scrBody"> 32 </text:span>Dia ni nanti jadi orang basar. Deng ada yang bilang kalo Dia tu Allah yang Paleng Tinggi pung Ana. Tuhan Allah nanti angka Dia par jadi raja sama deng Dia pung moyang, raja Daud. </text:span><text:span text:style-name="span_.zxx_Paragraph_scrSection_columns_scrBook_scrBody"> <text:span text:style-name="VerseNumber_.zxx_Paragraph_scrSection_columns_scrBook_scrBody"> 33 </text:span>Dia jua nanti pegang kuasa par samua anana cucu bangsa Israel tarus-tarus.” </text:span></text:p><text:p text:style-name="ChapterNumber1"><text:span text:style-name="ChapterNumber_.zxx_Paragraph_scrSection_columns_scrBook_scrBody">2</text:span><text:span text:style-name="ChapterNumber_.zxx"><text:variable-set text:name="Left_Guideword_L" text:display="none" text:formula="ooow: " office:value-type="string" office:string-value="" /></text:span><text:span text:style-name="ChapterNumber_.zxx"><text:variable-set text:name="RLeft_Guideword_L" text:display="none" text:formula="ooow: " office:value-type="string" office:string-value="" /></text:span><text:span text:style-name="ChapterNumber_.zxx"><text:variable-set text:name="Right_Guideword_R" text:display="none" text:formula="ooow: " office:value-type="string" office:string-value="" /></text:span><text:span text:style-name="ChapterNumber_.zxx"><text:variable-set text:name="RRight_Guideword_R" text:display="none" text:formula="ooow: " office:value-type="string" office:string-value="" /></text:span><text:span /><text:span text:style-name="span_.zxx_Paragraph_scrSection_columns_scrBook_scrBody"> <text:span text:style-name="VerseNumber_.zxx_Paragraph_scrSection_columns_scrBook_scrBody">  1 </text:span>Waktu Raja Basar Agustus parenta karajaang Roma, antua kasi kaluar parenta par kasi maso samua orang pung nama-nama yang ada dalang antua pung karajaang tu. </text:span></text:p><text:p text:style-name="Paragraph_scrSection_columns_scrBook_scrBody"><text:note text:id="ftn5" text:note-class="footnote"><text:note-citation text:label=" "> </text:note-citation><text:note-body><text:p text:style-name="NoteCrossHYPHENReferenceParagraph"><text:span text:style-name="NoteCrossHYPHENReferenceParagraph..footnote-marker">2.41 </text:span><text:span text:style-name="span_.zxx_NoteCrossHYPHENReferenceParagraph_Paragraph_scrSection_columns_scrBook_scrBody">Kel. 12:1-27; Ul. 16:1-8</text:span></text:p></text:note-body></text:note><text:bookmark text:name="footnote-luk-21" /><text:span text:style-name="span_.zxx_Paragraph_scrSection_columns_scrBook_scrBody"> <text:span text:style-name="VerseNumber_.zxx_Paragraph_scrSection_columns_scrBook_scrBody"> 41 </text:span> Sabang taong Yesus pung orang tatua pi di Yerusalem par iko orang Yahudi pung hari basar makang Paska.</text:span><text:note text:id="ftn6" text:note-class="footnote"><text:note-citation text:label="c">c</text:note-citation><text:note-body><text:p text:style-name="NoteGeneralParagraph"><text:span text:style-name="NoteGeneralParagraph..footnote-marker">2.41 </text:span><text:span text:style-name="span_.zxx_NoteGeneralParagraph_Paragraph_scrSection_columns_scrBook_scrBody">Hari basar Paska Yahudi tu, orang Yahudi inga waktu dong pung tete nene moyang kaluar dari negara Mesir. Dolo dong jadi orang suru-suru di tampa tu, mar Allah kasi kaluar dong la bawa dong ka tana yang Antua su janji par dong.</text:span></text:p></text:note-body></text:note><text:bookmark text:name="footnote-luk-22" /><text:span text:style-name="span_.zxx_Paragraph_scrSection_columns_scrBook_scrBody"> <text:span text:style-name="VerseNumber_.zxx_Paragraph_scrSection_columns_scrBook_scrBody">  42 </text:span>Pas Yesus barumur dua balas taong, Antua pi di Yerusalem deng Antua pung orang tatua par iko hari basar tu, yang dong biasa iko akang sabang taong. </text:span></text:p></text:section></text:section></office:text></office:body></office:document-content>