<?xml version="1.0"?><office:document-content xmlns:office="urn:oasis:names:tc:opendocument:xmlns:office:1.0" xmlns:style="urn:oasis:names:tc:opendocument:xmlns:style:1.0" xmlns:text="urn:oasis:names:tc:opendocument:xmlns:text:1.0" xmlns:table="urn:oasis:names:tc:opendocument:xmlns:table:1.0" xmlns:draw="urn:oasis:names:tc:opendocument:xmlns:drawing:1.0" xmlns:fo="urn:oasis:names:tc:opendocument:xmlns:xsl-fo-compatible:1.0" xmlns:xlink="http://www.w3.org/1999/xlink" xmlns:dc="http://purl.org/dc/elements/1.1/" xmlns:meta="urn:oasis:names:tc:opendocument:xmlns:meta:1.0" xmlns:number="urn:oasis:names:tc:opendocument:xmlns:datastyle:1.0" xmlns:svg="urn:oasis:names:tc:opendocument:xmlns:svg-compatible:1.0" xmlns:chart="urn:oasis:names:tc:opendocument:xmlns:chart:1.0" xmlns:dr3d="urn:oasis:names:tc:opendocument:xmlns:dr3d:1.0" xmlns:math="http://www.w3.org/1998/Math/MathML" xmlns:form="urn:oasis:names:tc:opendocument:xmlns:form:1.0" xmlns:script="urn:oasis:names:tc:opendocument:xmlns:script:1.0" xmlns:ooo="http://openoffice.org/2004/office" xmlns:ooow="http://openoffice.org/2004/writer" xmlns:oooc="http://openoffice.org/2004/calc" xmlns:dom="http://www.w3.org/2001/xml-events" xmlns:xforms="http://www.w3.org/2002/xforms" xmlns:xsd="http://www.w3.org/2001/XMLSchema" xmlns:xsi="http://www.w3.org/2001/XMLSchema-instance" xmlns:rpt="http://openoffice.org/2005/report" xmlns:of="urn:oasis:names:tc:opendocument:xmlns:of:1.2" xmlns:xhtml="http://www.w3.org/1999/xhtml" xmlns:grddl="http://www.w3.org/2003/g/data-view#" xmlns:field="urn:openoffice:names:experimental:ooo-ms-interop:xmlns:field:1.0" xmlns:formx="urn:openoffice:names:experimental:ooxml-odf-interop:xmlns:form:1.0" grddl:transformation="http://docs.oasis-open.org/office/1.2/xslt/odf2rdf.xsl"><office:scripts><office:event-listeners><script:event-listener script:language="ooo:script" script:event-name="dom:load" xlink:href="vnd.sun.star.script:Standard.Module1.StartDontForget?language=Basic&amp;location=document" /></office:event-listeners></office:scripts><office:font-face-decls><style:font-face style:name="Times New Roman" svg:font-family="'Times New Roman'" style:font-family-generic="roman" style:font-pitch="variable" /><style:font-face style:name="Yi plus Phonetics" svg:font-family="'Yi plus Phonetics'" /><style:font-face style:name="Arial" svg:font-family="'Arial'" style:font-family-generic="swiss" style:font-pitch="variable" /><style:font-face style:name="Lucida Sans Unicode" svg:font-family="'Lucida Sans Unicode'" style:font-family-generic="system" style:font-pitch="variable" /><style:font-face style:name="MS Mincho" svg:font-family="'MS Mincho'" style:font-family-generic="system" style:font-pitch="variable" /><style:font-face style:name="Tahoma" svg:font-family="'Tahoma'" style:font-family-generic="system" style:font-pitch="variable" /><style:font-face style:name="Scheherazade Graphite Alpha" svg:font-family="'Scheherazade Graphite Alpha'" /><style:font-face style:name="Latha" svg:font-family="'Latha'" /></office:font-face-decls><office:automatic-styles><style:style style:name="P2" style:family="paragraph" style:parent-style-name="copyright_dicBody" style:master-page-name="TableofContents_20_Page"><style:paragraph-properties style:page-number="auto" /></style:style><style:style style:name="P4" style:family="paragraph" style:master-page-name="First_20_Page"><style:paragraph-properties style:page-number="1" /></style:style><style:style style:name="P5" style:family="paragraph" style:parent-style-name="Text"><style:paragraph-properties fo:text-align="center" style:justify-single-word="false" /></style:style><style:style style:name="T4" style:family="text"><style:text-properties text:display="none" /></style:style><style:style style:name="fr0" style:family="graphic" style:parent-style-name="Graphics"><style:graphic-properties style:run-through="background" style:wrap="run-through" style:number-wrapped-paragraphs="no-limit" style:horizontal-pos="center" style:horizontal-rel="paragraph" fo:clip="rect(0pt, 0pt, 0pt, 0pt)" draw:luminance="0%" draw:contrast="0%" draw:red="0%" draw:green="0%" draw:blue="0%" draw:gamma="100%" draw:color-inversion="false" draw:image-opacity="100%" draw:color-mode="standard" /></style:style><style:style style:name="P2" style:family="paragraph" style:parent-style-name="Frame_20_contents"><style:paragraph-properties fo:text-align="end" style:justify-single-word="false" /></style:style><style:style style:name="fr1" style:family="graphic" style:parent-style-name="Frame"><style:graphic-properties style:wrap="none" style:vertical-pos="from-top" style:vertical-rel="page" style:horizontal-pos="right" style:horizontal-rel="paragraph" fo:padding="0pt" fo:border="none" style:flow-with-text="false" /></style:style></office:automatic-styles><office:body><office:text><text:variable-decls><text:variable-decl office:value-type="string" text:name="Left_Guideword_L" /><text:variable-decl office:value-type="string" text:name="RLeft_Guideword_L" /><text:variable-decl office:value-type="string" text:name="Right_Guideword_R" /><text:variable-decl office:value-type="string" text:name="RRight_Guideword_R" /></text:variable-decls><text:sequence-decls><text:sequence-decl text:display-outline-level="0" text:name="Illustration" /><text:sequence-decl text:display-outline-level="0" text:name="Table" /><text:sequence-decl text:display-outline-level="0" text:name="Text" /><text:sequence-decl text:display-outline-level="0" text:name="Drawing" /></text:sequence-decls><text:p text:style-name="P4" /><text:p text:style-name="letHead_body"><text:span text:style-name="letter_.bzh_letHead_body">Ḳ ḳ</text:span></text:p><text:p text:style-name="minorentryvariant_body"><text:span text:style-name="span_.bzh_headword_minorentryvariant_body"><text:a text:style-name="span_.bzh_headword_minorentryvariant_body" xlink:type="simple" xlink:href="#g92f32993-8cb3-444b-9744-4a7838cd8575">ḳe=</text:a></text:span><text:span text:style-name="span_.bzh-fonipa_form_pronunciation_pronunciations_minorentryvariant_body">qə</text:span><text:span text:style-name="span_.bzh_headword_referencedentry_referencedentries_visiblevariantentryref_visiblevariantentryrefs_minorentryvariant_body">=ḳ</text:span></text:p><text:p text:style-name="entry_body"><text:span text:style-name="span_.bzh_mainheadword_entry_body"><text:a text:style-name="span_.bzh_mainheadword_entry_body" xlink:type="simple" xlink:href="#g2a160ae0-17fc-4cef-b9e8-70ba58d29f6f">ḳelé</text:a></text:span><text:span text:style-name="a_.href#g2a160ae0-17fc-4cef-b9e8-70ba58d29f6f"><text:variable-set text:name="Left_Guideword_L" text:display="none" text:formula="ooow: " office:value-type="string" office:string-value="" /></text:span><text:span text:style-name="a_.href#g2a160ae0-17fc-4cef-b9e8-70ba58d29f6f"><text:variable-set text:name="RLeft_Guideword_L" text:display="none" text:formula="ooow: ḳelé" office:value-type="string" office:string-value="ḳelé" /></text:span><text:span text:style-name="a_.href#g2a160ae0-17fc-4cef-b9e8-70ba58d29f6f"><text:variable-set text:name="Right_Guideword_R" text:display="none" text:formula="ooow: " office:value-type="string" office:string-value="" /></text:span><text:span text:style-name="a_.href#g2a160ae0-17fc-4cef-b9e8-70ba58d29f6f"><text:variable-set text:name="RRight_Guideword_R" text:display="none" text:formula="ooow: ḳelé" office:value-type="string" office:string-value="ḳelé" /></text:span><text:span /><text:span text:style-name="span_.bzh-fonipa_form_pronunciation_pronunciations_entry_body">qə.ˈl̪ɛ</text:span><text:span text:style-name="span_.en_mlpartofspeech_morphosyntaxanalysis_sharedgrammaticalinfo_senses_entry_body">N</text:span><text:span text:style-name="sensenumber_sensecontent_senses_entry_body">1</text:span><text:span text:style-name="span_.en_definitionorgloss_sense_sensecontent_senses_entry_body">the generic term for tree, wood.</text:span><text:span text:style-name="span_.bzh_example_examplescontent_examplescontents_sense_sensecontent_senses_entry_body">Hur mahen ti neraḳ ḳele.</text:span><text:span text:style-name="span_.en_translation_translationcontent_translationcontents_examplescontent_examplescontents_sense_sensecontent_senses_entry_body">A child was climbing a tree.</text:span><text:span text:style-name="span_.en_abbreviation_semanticdomain_semanticdomains_sense_sensecontent_senses_entry_body">1.5.1</text:span><text:span text:style-name="span_.en_name_semanticdomain_semanticdomains_sense_sensecontent_senses_entry_body">Tree</text:span><text:span text:style-name="sensenumber_sensecontent_senses_entry_body">2</text:span><text:span text:style-name="span_.en_definitionorgloss_sense_sensecontent_senses_entry_body">spear.</text:span><text:span text:style-name="span_.bzh_example_examplescontent_examplescontents_sense_sensecontent_senses_entry_body">Tuk Bul gelu ḳele ya meggurek bël mala.</text:span><text:span text:style-name="span_.en_translation_translationcontent_translationcontents_examplescontent_examplescontents_sense_sensecontent_senses_entry_body">Tuk Bul threw the spear upstream towards the headwaters.</text:span><text:span text:style-name="span_.en_abbreviation_semanticdomain_semanticdomains_sense_sensecontent_senses_entry_body">4.8.3.7</text:span><text:span text:style-name="span_.en_name_semanticdomain_semanticdomains_sense_sensecontent_senses_entry_body">Weapon, shoot</text:span></text:p><text:p text:style-name="picture_pictures_entry_body"><draw:frame draw:style-name="fr2" draw:name="Frame2" text:anchor-type="paragraph" draw:z-index="1" svg:width="72pt" svg:height="72pt"><draw:text-box fo:min-height="1in"><text:p text:style-name="P5"><draw:frame draw:style-name="gr2" draw:name="Graphics2" text:anchor-type="paragraph" svg:width="72pt" svg:height="72pt"><draw:image xlink:type="simple" xlink:show="embed" xlink:actuate="onLoad" xlink:href="Pictures/1.jpg" /><svg:title>1.jpg</svg:title></draw:frame><text:p text:style-name="captionContent_picture_pictures_entry_body"><text:span text:style-name="span_.en_sensenumber_captionContent_picture_pictures_entry_body">1</text:span> <text:span text:style-name="span_.bzh_caption_captionContent_picture_pictures_entry_body">ḳele</text:span></text:p></text:p></draw:text-box></draw:frame> <text:span text:style-name="span_.bzh_headword_mainentrysubentry_subentry_mainentrysubentries_subentries_entry_body">ḳelé ahë besén</text:span><text:span text:style-name="span_.en_reverseabbr_complexformtype_complexformtypes_mainentrysubentry_subentry_mainentrysubentries_subentries_entry_body">Comp.</text:span><text:span text:style-name="span_.bzh-fonipa_form_pronunciation_pronunciations_mainentrysubentry_subentry_mainentrysubentries_subentries_entry_body">qə.ˈl̪ɛ ˈa.ʁe ᵐbə.ˈt͡ʃɛn</text:span><text:span text:style-name="span_.en_definitionorgloss_sense_sensecontent_senses_mainentrysubentry_subentry_mainentrysubentries_subentries_entry_body">joint, fork (of a tree).</text:span><text:span text:style-name="span_.bzh_example_example_examples_sense_sensecontent_senses_mainentrysubentry_subentry_mainentrysubentries_subentries_entry_body">Saġ vo newis loḳ aperek ahë besen menedo.</text:span><text:span text:style-name="span_.en_translation_translation_translations_example_examples_sense_sensecontent_senses_mainentrysubentry_subentry_mainentrysubentries_subentries_entry_body">The animal built its nest in the crotch of the pandanus palm, and lived there.</text:span><text:span text:style-name="span_.en_abbreviation_semanticdomain_semanticdomains_sense_sensecontent_senses_mainentrysubentry_subentry_mainentrysubentries_subentries_entry_body">6.7.7</text:span><text:span text:style-name="span_.en_name_semanticdomain_semanticdomains_sense_sensecontent_senses_mainentrysubentry_subentry_mainentrysubentries_subentries_entry_body">Container</text:span><text:span text:style-name="span_.bzh_headword_mainentrysubentry_subentry_mainentrysubentries_subentries_entry_body">  ḳelé anon</text:span><text:span text:style-name="span_.en_reverseabbr_complexformtype_complexformtypes_mainentrysubentry_subentry_mainentrysubentries_subentries_entry_body">Comp.</text:span><text:span text:style-name="span_.bzh-fonipa_form_pronunciation_pronunciations_mainentrysubentry_subentry_mainentrysubentries_subentries_entry_body">qə.ˈl̪ɛ a.ˈnon</text:span><text:span text:style-name="span_.en_definitionorgloss_sense_sensecontent_senses_mainentrysubentry_subentry_mainentrysubentries_subentries_entry_body">fruit of a tree.</text:span><text:span text:style-name="span_.bzh_example_example_examples_sense_sensecontent_senses_mainentrysubentry_subentry_mainentrysubentries_subentries_entry_body">Soḳ pin dëgga ḳele anon yoh vu buk.</text:span><text:span text:style-name="span_.en_translation_translation_translations_example_examples_sense_sensecontent_senses_mainentrysubentry_subentry_mainentrysubentries_subentries_entry_body">All the birds eat fruit from trees every day.</text:span><text:span text:style-name="span_.en_abbreviation_semanticdomain_semanticdomains_sense_sensecontent_senses_mainentrysubentry_subentry_mainentrysubentries_subentries_entry_body">1.5.6</text:span><text:span text:style-name="span_.en_name_semanticdomain_semanticdomains_sense_sensecontent_senses_mainentrysubentry_subentry_mainentrysubentries_subentries_entry_body">Growth of plants</text:span><text:span text:style-name="span_.bzh_headword_mainentrysubentry_subentry_mainentrysubentries_subentries_entry_body">  ḳelé navi</text:span><text:span text:style-name="span_.en_reverseabbr_complexformtype_complexformtypes_mainentrysubentry_subentry_mainentrysubentries_subentries_entry_body">Comp.</text:span><text:span text:style-name="span_.bzh-fonipa_form_pronunciation_pronunciations_mainentrysubentry_subentry_mainentrysubentries_subentries_entry_body">qə.ˈl̪ɛ ˈna.βi</text:span><text:span text:style-name="sensenumber_sensecontent_senses_mainentrysubentry_subentry_mainentrysubentries_subentries_entry_body">1</text:span><text:span text:style-name="span_.en_definitionorgloss_sense_sensecontent_senses_mainentrysubentry_subentry_mainentrysubentries_subentries_entry_body">bark--of a tree.</text:span><text:span text:style-name="span_.bzh_example_example_examples_sense_sensecontent_senses_mainentrysubentry_subentry_mainentrysubentries_subentries_entry_body">Ham netunġ nos mahen mahen pin nebë yeseḳ los ḳele navi, gejojeng reggu nivesa aggagga.</text:span><text:span text:style-name="span_.en_translation_translation_translations_example_examples_sense_sensecontent_senses_mainentrysubentry_subentry_mainentrysubentries_subentries_entry_body">You put all sorts of small food like ginger and tree bark and different kinds of good-smelling greens.</text:span><text:span text:style-name="span_.en_abbreviation_semanticdomain_semanticdomains_sense_sensecontent_senses_mainentrysubentry_subentry_mainentrysubentries_subentries_entry_body">1.5.5</text:span><text:span text:style-name="span_.en_name_semanticdomain_semanticdomains_sense_sensecontent_senses_mainentrysubentry_subentry_mainentrysubentries_subentries_entry_body">Parts of a plant</text:span><text:span text:style-name="sensenumber_sensecontent_senses_mainentrysubentry_subentry_mainentrysubentries_subentries_entry_body">2</text:span><text:span text:style-name="span_.en_definitionorgloss_sense_sensecontent_senses_mainentrysubentry_subentry_mainentrysubentries_subentries_entry_body">shield made out of bark or wood used in fighting.</text:span><text:span text:style-name="span_.bzh_example_example_examples_sense_sensecontent_senses_mainentrysubentry_subentry_mainentrysubentries_subentries_entry_body">Ham ngap ḳele lu ḳele navi ba, hil ana sengii Daġoraa.</text:span><text:span text:style-name="span_.en_translation_translation_translations_example_examples_sense_sensecontent_senses_mainentrysubentry_subentry_mainentrysubentries_subentries_entry_body">You make spears and shields and we will go to dance at Dagoraa.</text:span><text:span text:style-name="span_.en_abbreviation_semanticdomain_semanticdomains_sense_sensecontent_senses_mainentrysubentry_subentry_mainentrysubentries_subentries_entry_body">4.8.3.7</text:span><text:span text:style-name="span_.en_name_semanticdomain_semanticdomains_sense_sensecontent_senses_mainentrysubentry_subentry_mainentrysubentries_subentries_entry_body">Weapon, shoot</text:span><text:span text:style-name="span_.bzh_headword_mainentrysubentry_subentry_mainentrysubentries_subentries_entry_body">  ḳelé-pu-töḳsën</text:span><text:span text:style-name="span_.en_reverseabbr_complexformtype_complexformtypes_mainentrysubentry_subentry_mainentrysubentries_subentries_entry_body">Comp.</text:span><text:span text:style-name="span_.bzh-fonipa_form_pronunciation_pronunciations_mainentrysubentry_subentry_mainentrysubentries_subentries_entry_body">qə.ˈl̪ɛ pu ˈtɔq.t͡ʃen</text:span><text:span text:style-name="span_.en_mlpartofspeech_morphosyntaxanalysis_sharedgrammaticalinfo_senses_mainentrysubentry_subentry_mainentrysubentries_subentries_entry_body">Nc</text:span><text:span text:style-name="sensenumber_sensecontent_senses_mainentrysubentry_subentry_mainentrysubentries_subentries_entry_body">1</text:span><text:span text:style-name="span_.en_definitionorgloss_sense_sensecontent_senses_mainentrysubentry_subentry_mainentrysubentries_subentries_entry_body">myriad, thousands.</text:span><text:span text:style-name="span_.bzh_example_example_examples_sense_sensecontent_senses_mainentrysubentry_subentry_mainentrysubentries_subentries_entry_body">Dëtahu nġaa nġahiseḳë raḳ ḳele-pu-töḳsën.</text:span><text:span text:style-name="span_.en_translation_translation_translations_example_examples_sense_sensecontent_senses_mainentrysubentry_subentry_mainentrysubentries_subentries_entry_body">They compare a large number of things to the leaves fallen off a tree.</text:span><text:span text:style-name="sensenumber_sensecontent_senses_mainentrysubentry_subentry_mainentrysubentries_subentries_entry_body">2</text:span><text:span text:style-name="span_.en_definitionorgloss_sense_sensecontent_senses_mainentrysubentry_subentry_mainentrysubentries_subentries_entry_body">term used for children, male or female, which occur ninth or later in the birth order, i.e beyond the limit of the normal birth order naming system.</text:span><text:span text:style-name="span_.bzh_example_example_examples_sense_sensecontent_senses_mainentrysubentry_subentry_mainentrysubentries_subentries_entry_body">Ḳele-pu-töḳsën yiḳ hurmahen avëh los maluh sën ata neḳo menetu videk lubeluu lo.</text:span><text:span text:style-name="span_.bzh_span_.en_translation_translation_translations_example_examples_sense_sensecontent_senses_mainentrysubentry_subentry_mainentrysubentries_subentries_entry_body">Ḳele-pu-töḳsën </text:span><text:span text:style-name="span_.en_span_.en_translation_translation_translations_example_examples_sense_sensecontent_senses_mainentrysubentry_subentry_mainentrysubentries_subentries_entry_body"> are girls or boys whom their mothers have borne ninth (or later).</text:span><text:span text:style-name="span_.en_ownertypeabbreviation_lexsensereference_lexsensereferences_sense_sensecontent_senses_mainentrysubentry_subentry_mainentrysubentries_subentries_entry_body">Nmc</text:span><text:span text:style-name="span_.bzh_span_.bzh_headword_configtarget_configtargets_lexsensereference_lexsensereferences_sense_sensecontent_senses_mainentrysubentry_subentry_mainentrysubentries_subentries_entry_body">len</text:span><text:span text:style-name="span_.bzh_span_.bzh_headword_configtarget_configtargets_lexsensereference_lexsensereferences_sense_sensecontent_senses_mainentrysubentry_subentry_mainentrysubentries_subentries_entry_body">  2</text:span><text:span text:style-name="span_.bzh_headword_configtarget_configtargets_lexsensereference_lexsensereferences_sense_sensecontent_senses_mainentrysubentry_subentry_mainentrysubentries_subentries_entry_body">pahoov</text:span><text:span text:style-name="span_.bzh_span_.bzh_headword_configtarget_configtargets_lexsensereference_lexsensereferences_sense_sensecontent_senses_mainentrysubentry_subentry_mainentrysubentries_subentries_entry_body">tamu</text:span><text:span text:style-name="span_.bzh_span_.bzh_headword_configtarget_configtargets_lexsensereference_lexsensereferences_sense_sensecontent_senses_mainentrysubentry_subentry_mainentrysubentries_subentries_entry_body">  2</text:span><text:span text:style-name="span_.bzh_headword_configtarget_configtargets_lexsensereference_lexsensereferences_sense_sensecontent_senses_mainentrysubentry_subentry_mainentrysubentries_subentries_entry_body">sëj</text:span><text:span text:style-name="span_.bzh_headword_configtarget_configtargets_lexsensereference_lexsensereferences_sense_sensecontent_senses_mainentrysubentry_subentry_mainentrysubentries_subentries_entry_body">dabi</text:span><text:span text:style-name="span_.bzh_headword_configtarget_configtargets_lexsensereference_lexsensereferences_sense_sensecontent_senses_mainentrysubentry_subentry_mainentrysubentries_subentries_entry_body">velëḳ</text:span><text:span text:style-name="span_.bzh_headword_configtarget_configtargets_lexsensereference_lexsensereferences_sense_sensecontent_senses_mainentrysubentry_subentry_mainentrysubentries_subentries_entry_body">anii</text:span><text:span text:style-name="span_.bzh_headword_configtarget_configtargets_lexsensereference_lexsensereferences_sense_sensecontent_senses_mainentrysubentry_subentry_mainentrysubentries_subentries_entry_body">mewing</text:span><text:span text:style-name="span_.en_ownertypeabbreviation_lexsensereference_lexsensereferences_sense_sensecontent_senses_mainentrysubentry_subentry_mainentrysubentries_subentries_entry_body">Nmc</text:span><text:span text:style-name="span_.bzh_headword_configtarget_configtargets_lexsensereference_lexsensereferences_sense_sensecontent_senses_mainentrysubentry_subentry_mainentrysubentries_subentries_entry_body">dahisoong</text:span><text:span text:style-name="span_.bzh_headword_configtarget_configtargets_lexsensereference_lexsensereferences_sense_sensecontent_senses_mainentrysubentry_subentry_mainentrysubentries_subentries_entry_body">meggi</text:span><text:span text:style-name="span_.bzh_headword_configtarget_configtargets_lexsensereference_lexsensereferences_sense_sensecontent_senses_mainentrysubentry_subentry_mainentrysubentries_subentries_entry_body">bewë</text:span><text:span text:style-name="span_.bzh_headword_configtarget_configtargets_lexsensereference_lexsensereferences_sense_sensecontent_senses_mainentrysubentry_subentry_mainentrysubentries_subentries_entry_body">ġuu</text:span><text:span text:style-name="span_.bzh_headword_configtarget_configtargets_lexsensereference_lexsensereferences_sense_sensecontent_senses_mainentrysubentry_subentry_mainentrysubentries_subentries_entry_body">see</text:span><text:span text:style-name="span_.bzh_span_.bzh_headword_configtarget_configtargets_lexsensereference_lexsensereferences_sense_sensecontent_senses_mainentrysubentry_subentry_mainentrysubentries_subentries_entry_body">gwee</text:span><text:span text:style-name="span_.bzh_span_.bzh_headword_configtarget_configtargets_lexsensereference_lexsensereferences_sense_sensecontent_senses_mainentrysubentry_subentry_mainentrysubentries_subentries_entry_body">  1</text:span><text:span text:style-name="span_.bzh_headword_configtarget_configtargets_lexsensereference_lexsensereferences_sense_sensecontent_senses_mainentrysubentry_subentry_mainentrysubentries_subentries_entry_body">amon</text:span><text:span text:style-name="span_.bzh_headword_configtarget_configtargets_lexsensereference_lexsensereferences_sense_sensecontent_senses_mainentrysubentry_subentry_mainentrysubentries_subentries_entry_body">aġuu</text:span><text:span text:style-name="span_.en_abbreviation_semanticdomain_semanticdomains_sense_sensecontent_senses_mainentrysubentry_subentry_mainentrysubentries_subentries_entry_body">2.6.4.2</text:span><text:span text:style-name="span_.en_name_semanticdomain_semanticdomains_sense_sensecontent_senses_mainentrysubentry_subentry_mainentrysubentries_subentries_entry_body">Child</text:span></text:p></office:text></office:body></office:document-content>