<?xml version="1.0"?><office:document-content xmlns:office="urn:oasis:names:tc:opendocument:xmlns:office:1.0" xmlns:style="urn:oasis:names:tc:opendocument:xmlns:style:1.0" xmlns:text="urn:oasis:names:tc:opendocument:xmlns:text:1.0" xmlns:table="urn:oasis:names:tc:opendocument:xmlns:table:1.0" xmlns:draw="urn:oasis:names:tc:opendocument:xmlns:drawing:1.0" xmlns:fo="urn:oasis:names:tc:opendocument:xmlns:xsl-fo-compatible:1.0" xmlns:xlink="http://www.w3.org/1999/xlink" xmlns:dc="http://purl.org/dc/elements/1.1/" xmlns:meta="urn:oasis:names:tc:opendocument:xmlns:meta:1.0" xmlns:number="urn:oasis:names:tc:opendocument:xmlns:datastyle:1.0" xmlns:svg="urn:oasis:names:tc:opendocument:xmlns:svg-compatible:1.0" xmlns:chart="urn:oasis:names:tc:opendocument:xmlns:chart:1.0" xmlns:dr3d="urn:oasis:names:tc:opendocument:xmlns:dr3d:1.0" xmlns:math="http://www.w3.org/1998/Math/MathML" xmlns:form="urn:oasis:names:tc:opendocument:xmlns:form:1.0" xmlns:script="urn:oasis:names:tc:opendocument:xmlns:script:1.0" xmlns:ooo="http://openoffice.org/2004/office" xmlns:ooow="http://openoffice.org/2004/writer" xmlns:oooc="http://openoffice.org/2004/calc" xmlns:dom="http://www.w3.org/2001/xml-events" xmlns:xforms="http://www.w3.org/2002/xforms" xmlns:xsd="http://www.w3.org/2001/XMLSchema" xmlns:xsi="http://www.w3.org/2001/XMLSchema-instance" xmlns:rpt="http://openoffice.org/2005/report" xmlns:of="urn:oasis:names:tc:opendocument:xmlns:of:1.2" xmlns:xhtml="http://www.w3.org/1999/xhtml" xmlns:grddl="http://www.w3.org/2003/g/data-view#" xmlns:field="urn:openoffice:names:experimental:ooo-ms-interop:xmlns:field:1.0" xmlns:formx="urn:openoffice:names:experimental:ooxml-odf-interop:xmlns:form:1.0" grddl:transformation="http://docs.oasis-open.org/office/1.2/xslt/odf2rdf.xsl"><office:scripts><office:event-listeners><script:event-listener script:language="ooo:script" script:event-name="dom:load" xlink:href="vnd.sun.star.script:Standard.Module1.StartDontForget?language=Basic&amp;location=document" /></office:event-listeners></office:scripts><office:font-face-decls><style:font-face style:name="Times New Roman" svg:font-family="'Times New Roman'" style:font-family-generic="roman" style:font-pitch="variable" /><style:font-face style:name="Yi plus Phonetics" svg:font-family="'Yi plus Phonetics'" /><style:font-face style:name="Arial" svg:font-family="'Arial'" style:font-family-generic="swiss" style:font-pitch="variable" /><style:font-face style:name="Lucida Sans Unicode" svg:font-family="'Lucida Sans Unicode'" style:font-family-generic="system" style:font-pitch="variable" /><style:font-face style:name="MS Mincho" svg:font-family="'MS Mincho'" style:font-family-generic="system" style:font-pitch="variable" /><style:font-face style:name="Tahoma" svg:font-family="'Tahoma'" style:font-family-generic="system" style:font-pitch="variable" /><style:font-face style:name="Scheherazade Graphite Alpha" svg:font-family="'Scheherazade Graphite Alpha'" /><style:font-face style:name="Latha" svg:font-family="'Latha'" /></office:font-face-decls><office:automatic-styles><style:style style:name="P4" style:family="paragraph" style:parent-style-name="hide" style:master-page-name="First_20_Page"><style:paragraph-properties style:page-number="auto" /></style:style><style:style style:name="fr11" style:family="graphic" style:parent-style-name="Graphics"><style:graphic-properties style:run-through="background" style:wrap="run-through" style:number-wrapped-paragraphs="no-limit" style:horizontal-pos="center" style:horizontal-rel="paragraph" fo:clip="rect(0pt, 0pt, 0pt, 0pt)" draw:luminance="0%" draw:contrast="0%" draw:red="0%" draw:green="0%" draw:blue="0%" draw:gamma="100%" draw:color-inversion="false" draw:image-opacity="100%" draw:color-mode="standard" /></style:style><style:style style:name="P2" style:family="paragraph" style:parent-style-name="Frame_20_contents"><style:paragraph-properties fo:text-align="end" style:justify-single-word="false" /></style:style><style:style style:name="fr1" style:family="graphic" style:parent-style-name="Frame"><style:graphic-properties style:vertical-pos="from-top" style:vertical-rel="page" style:horizontal-pos="right" style:horizontal-rel="paragraph" fo:padding="0pt" fo:border="none" style:flow-with-text="false" /></style:style>
  <style:style style:name="Sect_columns" style:family="section" xmlns:style="urn:oasis:names:tc:opendocument:xmlns:style:1.0">
    <style:section-properties text:dont-balance-text-columns="false" style:editable="false" xmlns:text="urn:oasis:names:tc:opendocument:xmlns:text:1.0">
      <style:columns fo:column-count="1" xmlns:fo="urn:oasis:names:tc:opendocument:xmlns:xsl-fo-compatible:1.0" />
    </style:section-properties>
  </style:style>
</office:automatic-styles><office:body><office:text><text:variable-decls><text:variable-decl office:value-type="string" text:name="Left_Guideword_L" /><text:variable-decl office:value-type="string" text:name="Right_Guideword_R" /></text:variable-decls><text:sequence-decls><text:sequence-decl text:display-outline-level="0" text:name="Illustration" /><text:sequence-decl text:display-outline-level="0" text:name="Table" /><text:sequence-decl text:display-outline-level="0" text:name="Text" /><text:sequence-decl text:display-outline-level="0" text:name="Drawing" /></text:sequence-decls><text:section text:style-name="Sect_columns" text:name="Sect_columns"><text:p text:style-name="SectionHead_scrSection_columns_scrBook_scrBody"><text:span text:style-name="span_.nko_SectionHead_scrSection_columns_scrBook_scrBody">Ma Gyí Kristo Amʋ?</text:span></text:p><text:p text:style-name="ParallelPassageReference_scrSection_columns_scrBook_scrBody"><text:span text:style-name="span_.nko_ParallelPassageReference_scrSection_columns_scrBook_scrBody">(Marko 12:35-37; Luka 20:41-44)</text:span></text:p><text:p text:style-name="ChapterNumber2"><text:span text:style-name="ChapterNumber_Paragraph_scrSection_columns_scrBook_scrBody">23</text:span><text:span text:style-name="ChapterNumber_.nko"><text:variable-set text:name="Left_Guideword_L" text:display="none" text:formula="ooow: 23" office:value-type="string" office:string-value="23" /></text:span><text:span text:style-name="ChapterNumber_.nko"><text:variable-set text:name="Right_Guideword_R" text:display="none" text:formula="ooow: 23" office:value-type="string" office:string-value="23" /></text:span><text:span /></text:p><text:p text:style-name="Paragraph_scrSection_columns_scrBook_scrBody"><draw:frame draw:style-name="Graphics0" draw:name="Graphics0" text:anchor-type="paragraph" draw:z-index="1" svg:width="99%" svg:height="72pt"><draw:text-box fo:min-height="0in"><draw:frame draw:style-name="Graphics0" draw:name="Graphics0" text:anchor-type="paragraph" svg:height="72pt"><draw:image xlink:type="simple" xlink:show="embed" xlink:actuate="onLoad" xlink:href="Pictures/hk00274b.tif" /><svg:title>hk00274b.tif</svg:title></draw:frame><text:p text:style-name="pictureCaption_pictureColumn_Paragraph_scrSection_columns_scrBook_scrBody"><text:span text:style-name="span_.nko_pictureCaption_pictureColumn_Paragraph_scrSection_columns_scrBook_scrBody"> <text:span text:style-name="VerseNumber_Paragraph_scrSection_columns_scrBook_scrBody"> 1 </text:span>Farisiyin nɩ.</text:span><text:span text:style-name="span_.nko_pictureCaption_pictureColumn_Paragraph_scrSection_columns_scrBook_scrBody"> Mateo 23:5</text:span></text:p><text:p text:style-name="pictureColumn_Paragraph_scrSection_columns_scrBook_scrBody"> 6 <text:span text:style-name="span_.nko_pictureColumn_Paragraph_scrSection_columns_scrBook_scrBody"> <text:span text:style-name="VerseNumber_pictureColumn_Paragraph_scrSection_columns_scrBook_scrBody"></text:span>Bʋtekle otsiákpá yilé tsiá nkɛ ogyíkpá pʋ́ Yudafɔ Ofíakpa. </text:span>7 <text:span text:style-name="span_.nko_pictureColumn_Paragraph_scrSection_columns_scrBook_scrBody"> <text:span text:style-name="VerseNumber_pictureColumn_Paragraph_scrSection_columns_scrBook_scrBody"></text:span>Bɛdálɩ yɔ dɩnsʋ á, bʋtekle bɛɛ ahá bʋtɩ́ɩ amʋ́ bɛɛ, &lt;Asunápʋ́,&gt; abʋbun ha amʋ́ itsiá. </text:span></text:p></draw:text-box></draw:frame></text:p></text:section></office:text></office:body></office:document-content>