\documentclass{article} 
\usepackage{changepage}
\usepackage{float}
\usepackage{grffile}
\usepackage{graphicx}
\usepackage{amssymb}
\usepackage{fontspec}
\usepackage{fancyhdr}
\usepackage{multicol}

\begin{document} 
\thispagestyle{empty} 
\font\exampleusefirstoftypelastoftypesensearticlesectionletter="Times New Roman/BI":color=0000ff at 12pt
\font\lastoftypevariantinflectionarticlesectionletter="Times New Roman/I" at 12pt
\font\variantinflectionarticlesectionletter="Times New Roman/I" at 12pt
\font\firstoftypevariantinflectionarticlesectionletter="Times New Roman/I" at 12pt
\font\firstoftypelastoftypestressfirstoftypelastoftypepronunciationarticlesectionletter="Times New Roman/I" at 12pt
\font\firstoftypelastoftypepronunciationarticlesectionletter="Times New Roman/I" at 12pt
\font\firstoftypeheadwordlastoftypearticlesectionletter="Times New Roman/I" at 12pt
\font\examplefirstoftypelastoftypesubentryarticlesectionletter="Times New Roman/I" at 12pt
\font\firstoftypeheadwordlastoftypefirstoftypelastoftypesubentryarticlesectionletter="Times New Roman/I" at 12pt
\font\firstoftypelastoftypesubentryarticlesectionletter="Times New Roman/I" at 12pt
\font\examplesensearticlesectionletter="Times New Roman/BI":color=0000ff at 12pt
\font\firstoftypelastoftypewordusedefinitionfirstoftypelastoftypesensearticlesectionletter="Times New Roman/BI":color=0000ff at 12pt
\font\definitionfirstoftypelastoftypesensearticlesectionletter="Times New Roman/BI":color=0000ff at 12pt
\font\firstoftypegrammarcategorylastoftypesensearticlesectionletter="Times New Roman/BI":color=0000ff at 12pt
\font\sensebeforearticlesectionletter="Times New Roman/BI":color=ff0000 at 12pt
\font\sensearticlesectionletter="Times New Roman/BI":color=0000ff at 12pt
\font\articlesectionletter="Times New Roman/I" at 12pt
\font\sectionletter="Times New Roman" at 12pt

\sensebeforearticlesectionletter{1.1}\sensearticlesectionletter{1 }\firstoftypegrammarcategorylastoftypesensearticlesectionletter{N-Count }\definitionfirstoftypelastoftypesensearticlesectionletter{A }\firstoftypelastoftypewordusedefinitionfirstoftypelastoftypesensearticlesectionletter{waitress }\definitionfirstoftypelastoftypesensearticlesectionletter{is a woman who works in a restaurant, serving people with food and drink. }\sensebeforearticlesectionletter{1.2}\sensearticlesectionletter{2 }\firstoftypegrammarcategorylastoftypesensearticlesectionletter{Verb }\definitionfirstoftypelastoftypesensearticlesectionletter{A woman who }\firstoftypelastoftypewordusedefinitionfirstoftypelastoftypesensearticlesectionletter{waitresses }\definitionfirstoftypelastoftypesensearticlesectionletter{works in a restaurant serving food and drink. }\examplesensearticlesectionletter{She had been working in a pub, cooking and waitressing. }\firstoftypegrammarcategorylastoftypesensearticlesectionletter{Verb }\definitionfirstoftypelastoftypesensearticlesectionletter{A woman who }\firstoftypelastoftypewordusedefinitionfirstoftypelastoftypesensearticlesectionletter{waitresses }\definitionfirstoftypelastoftypesensearticlesectionletter{works in a restaurant serving food and drink. }\examplesensearticlesectionletter{She had been working in a pub, cooking and waitressing. }\firstoftypegrammarcategorylastoftypesensearticlesectionletter{Verb }\definitionfirstoftypelastoftypesensearticlesectionletter{A woman who }\firstoftypelastoftypewordusedefinitionfirstoftypelastoftypesensearticlesectionletter{waitresses }\definitionfirstoftypelastoftypesensearticlesectionletter{works in a restaurant serving food and drink. }\examplesensearticlesectionletter{She had been working in a pub, cooking and waitressing. }\firstoftypeheadwordlastoftypefirstoftypelastoftypesubentryarticlesectionletter{wait }\firstoftypeheadwordlastoftypefirstoftypelastoftypesubentryarticlesectionletter{ress }\firstoftypeheadwordlastoftypefirstoftypelastoftypesubentryarticlesectionletter{ing }\examplefirstoftypelastoftypesubentryarticlesectionletter{She does a bit of waitressing as a part-time job. }\firstoftypeheadwordlastoftypearticlesectionletter{waive }\firstoftypelastoftypepronunciationarticlesectionletter{w }\firstoftypelastoftypestressfirstoftypelastoftypepronunciationarticlesectionletter{eÉª }\firstoftypelastoftypepronunciationarticlesectionletter{v }\firstoftypevariantinflectionarticlesectionletter{waives }\variantinflectionarticlesectionletter{waiving }\lastoftypevariantinflectionarticlesectionletter{waived }\sensebeforearticlesectionletter{2.1}\sensearticlesectionletter{1 }\firstoftypegrammarcategorylastoftypesensearticlesectionletter{Verb }\definitionfirstoftypelastoftypesensearticlesectionletter{If you }\firstoftypelastoftypewordusedefinitionfirstoftypelastoftypesensearticlesectionletter{waive }\definitionfirstoftypelastoftypesensearticlesectionletter{your right to something, for example legal representation, you choose not to have it or do it. }\exampleusefirstoftypelastoftypesensearticlesectionletter{V n }\examplesensearticlesectionletter{He pleaded guilty to the murders of three boys and waived his right to appeal. }\sensebeforearticlesectionletter{2.2}\sensearticlesectionletter{2 }\firstoftypegrammarcategorylastoftypesensearticlesectionletter{Verb }\definitionfirstoftypelastoftypesensearticlesectionletter{If someone }\firstoftypelastoftypewordusedefinitionfirstoftypelastoftypesensearticlesectionletter{waives }\definitionfirstoftypelastoftypesensearticlesectionletter{a rule, they say that people do not have to obey it in a particular situation. }\exampleusefirstoftypelastoftypesensearticlesectionletter{V n }\examplesensearticlesectionletter{The art gallery waives admission charges on Sundays. }

\end{document}
