\documentclass[a4paper]{article} 
\usepackage{changepage}
\usepackage{float}
\usepackage{grffile}
\usepackage{graphicx}
\usepackage{amssymb}
\usepackage{fontspec}
\usepackage{fancyhdr}
\usepackage{multicol}
\usepackage{calc}
\usepackage[margin=2cm,includeheadfoot]{geometry}

\begin{document} 
\pagestyle{plain} 
\font\tbta="Verdana" at 20pt
\font\ta="Times New Roman" at 40pt

\ta{T1 class }

\tbta{T2 class T2 class }

\ta{T1 class }

\end{document}
