\documentclass[a4paper]{article} 
\usepackage{texthanglist}
\usepackage{multicol}
\usepackage{changepage}
\usepackage{float}
\usepackage{grffile}
\usepackage{graphicx}
\usepackage{amssymb}
\usepackage{fontspec}
\usepackage{fancyhdr}
\usepackage{multicol}
\usepackage{calc}
\usepackage[margin=1cm,includeheadfoot]{geometry}

\begin{document} 
\pagestyle{plain} 
\font\FocusedLexSensepublishStemSocioLinguisticsNotePubsensesubsensessensesensesentryletDatadicBody="Times New Roman" at 10pt
\font\EmphasizedTextLexSensepublishStemSocioLinguisticsNotePubsensesubsensessensesensesentryletDatadicBody="Times New Roman" at 10pt
\font\spanLexSensepublishStemSocioLinguisticsNotePubsensesubsensessensesensesentryletDatadicBody="Times New Roman" at 10pt
\font\LexSensepublishStemSocioLinguisticsNotePubsensesubsensessensesensesentryletDatadicBody="Times New Roman" at 10pt
\font\spandefinitionsensesubsensessensesensesentryletDatadicBody="Times New Roman" at 10pt
\font\definitionsensesubsensessensesensesentryletDatadicBody="Times New Roman" at 10pt
\font\spanpartofspeechgrammaticalinfosensesubsensessensesensesentryletDatadicBody="Times New Roman" at 10pt
\font\partofspeechgrammaticalinfosensesubsensessensesensesentryletDatadicBody="Times New Roman" at 10pt
\font\grammaticalinfosensesubsensessensesensesentryletDatadicBody="Times New Roman" at 10pt
\font\xsensenumbersensesubsensessensesensesentryletDatadicBody="Times New Roman/B" at 10pt
\font\sensesubsensessensesensesentryletDatadicBody="Times New Roman" at 10pt
\font\subsensessensesensesentryletDatadicBody="Times New Roman" at 10pt
\font\spanpartofspeechgrammaticalinfosensesensesentryletDatadicBody="Times New Roman" at 10pt
\font\partofspeechgrammaticalinfosensesensesentryletDatadicBody="Times New Roman" at 10pt
\font\grammaticalinfosensesensesentryletDatadicBody="Times New Roman" at 10pt
\font\LexSensepublishStemPossessiveFormsensesensesentryletDatadicBody="Times New Roman" at 10pt
\font\sensesensesentryletDatadicBody="Times New Roman" at 10pt
\font\sensesentryletDatadicBody="Times New Roman" at 10pt
\font\headwordentryletDatadicBody="Charis SIL/B" at 10pt
\font\entryletDatadicBody="Times New Roman" at 10pt
\font\letDatadicBody="Times New Roman" at 12pt
\font\letterletHeaddicBody="Charis SIL/B" at 24pt
\font\letHeaddicBody="Times New Roman" at 12pt
\pagestyle{fancy} 
\begin{center}
\topskip 18pt{\letterletHeaddicBody{A a}}
 \label{first_pageA} \end{center}
\setlength{\columnsep}{1.5em} 
\setlength\columnseprule{0.4pt} 
\begin{multicols}{2}{\raggedright} \begin{adjustwidth}{1pt}{0pt}{2pt}{9pt}
 \begin{hanglist}[36pt] \item 
\markboth{ \headwordentryletDatadicBody ákotsi}{ \headwordentryletDatadicBody ákotsi}\headwordentryletDatadicBody{ákotsi}\LexSensepublishStemPossessiveFormsensesensesentryletDatadicBody{irako}\spanpartofspeechgrammaticalinfosensesensesentryletDatadicBody{inan.pos.}\xsensenumbersensesubsensessensesensesentryletDatadicBody{1.1) }\spanpartofspeechgrammaticalinfosensesubsensessensesensesentryletDatadicBody{inan.pos.}\spandefinitionsensesubsensessensesensesentryletDatadicBody{mano, brazo.}\xsensenumbersensesubsensessensesensesentryletDatadicBody{1.2) }\spanpartofspeechgrammaticalinfosensesubsensessensesensesentryletDatadicBody{inan.pos.}\spandefinitionsensesubsensessensesensesentryletDatadicBody{brazo, pata, pata anterior; pinza (zool.).}\spanLexSensepublishStemSocioLinguisticsNotePubsensesubsensessensesensesentryletDatadicBody{• La forma }\spanLexSensepublishStemSocioLinguisticsNotePubsensesubsensessensesensesentryletDatadicBody{-pako/-vako}\spanLexSensepublishStemSocioLinguisticsNotePubsensesubsensessensesensesentryletDatadicBody{ aparece en temas compuestos (}\EmphasizedTextLexSensepublishStemSocioLinguisticsNotePubsensesubsensessensesensesentryletDatadicBody{p.ej.}\spanLexSensepublishStemSocioLinguisticsNotePubsensesubsensessensesensesentryletDatadicBody{ogiraa}\FocusedLexSensepublishStemSocioLinguisticsNotePubsensesubsensessensesensesentryletDatadicBody{pako}\spanLexSensepublishStemSocioLinguisticsNotePubsensesubsensessensesensesentryletDatadicBody{takero ovotsote akoku}\EmphasizedTextLexSensepublishStemSocioLinguisticsNotePubsensesubsensessensesensesentryletDatadicBody{su achiote le enrojeció las manos}\spanLexSensepublishStemSocioLinguisticsNotePubsensesubsensessensesensesentryletDatadicBody{; }\spanLexSensepublishStemSocioLinguisticsNotePubsensesubsensessensesensesentryletDatadicBody{chomi}\FocusedLexSensepublishStemSocioLinguisticsNotePubsensesubsensessensesensesentryletDatadicBody{vako}\spanLexSensepublishStemSocioLinguisticsNotePubsensesubsensessensesensesentryletDatadicBody{tagantsi}\EmphasizedTextLexSensepublishStemSocioLinguisticsNotePubsensesubsensessensesensesentryletDatadicBody{chuparse la mano}\spanLexSensepublishStemSocioLinguisticsNotePubsensesubsensessensesensesentryletDatadicBody{).}\end{hanglist} \end{adjustwidth} 
\begin{adjustwidth}{1pt}{0pt}{2pt}{9pt}
 \begin{hanglist}[36pt] \item 
\markboth{ \headwordentryletDatadicBody ákotsi}{ \headwordentryletDatadicBody ákotsi}\headwordentryletDatadicBody{arákintsi}\LexSensepublishStemPossessiveFormsensesensesentryletDatadicBody{iáraki}\spanpartofspeechgrammaticalinfosensesensesentryletDatadicBody{inan.pos.}\xsensenumbersensesubsensessensesensesentryletDatadicBody{1.1) }\spanpartofspeechgrammaticalinfosensesubsensessensesensesentryletDatadicBody{inan.pos.}\spandefinitionsensesubsensessensesensesentryletDatadicBody{efectos personales.}\xsensenumbersensesubsensessensesensesentryletDatadicBody{1.2) }\spanpartofspeechgrammaticalinfosensesubsensessensesensesentryletDatadicBody{inan.pos.}\spandefinitionsensesubsensessensesensesentryletDatadicBody{mercadería.}\spanLexSensepublishStemSocioLinguisticsNotePubsensesubsensessensesensesentryletDatadicBody{• La forma }\spanLexSensepublishStemSocioLinguisticsNotePubsensesubsensessensesensesentryletDatadicBody{-arant}\spanLexSensepublishStemSocioLinguisticsNotePubsensesubsensessensesensesentryletDatadicBody{ aparece en temas compuestos (}\EmphasizedTextLexSensepublishStemSocioLinguisticsNotePubsensesubsensessensesensesentryletDatadicBody{p.ej.}\spanLexSensepublishStemSocioLinguisticsNotePubsensesubsensessensesensesentryletDatadicBody{ikoshi}\FocusedLexSensepublishStemSocioLinguisticsNotePubsensesubsensessensesensesentryletDatadicBody{arant}\spanLexSensepublishStemSocioLinguisticsNotePubsensesubsensessensesensesentryletDatadicBody{akena koshinti noaraki}\EmphasizedTextLexSensepublishStemSocioLinguisticsNotePubsensesubsensessensesensesentryletDatadicBody{el ladrón me robó (todas) mi cosas}\spanLexSensepublishStemSocioLinguisticsNotePubsensesubsensessensesensesentryletDatadicBody{).}\end{hanglist} \end{adjustwidth} 
 \end{multicols}
\end{document}
