\documentclass[a4paper]{article} 

\usepackage{changepage}
\usepackage{float}
\usepackage{grffile}
\usepackage{graphicx}
\usepackage{amssymb}
\usepackage{fontspec}
\usepackage{fancyhdr}
\usepackage{multicol}
\usepackage{calc}
\usepackage{lettrine}
\usepackage[margin=2cm,includeheadfoot]{geometry}
\begin{document} 
\pagestyle{plain} 
\font\ta="Times New Roman":color=ff0000 at 20pt
\font\tbta="Arial":color=0000ff at 16pt
\font\tctbta="Times New Roman":color=008000 at 32pt

\pagestyle{fancy} 

\ta{Ta class }

\tbta{Tb class }

\tctbta{Tc class }

\tbta{Tb class }

\ta{Ta class }

\end{document}
