\documentclass[a4paper]{article} 
\usepackage{changepage}
\usepackage{float}
\usepackage{grffile}
\usepackage{graphicx}
\usepackage{amssymb}
\usepackage{fontspec}
\usepackage{fancyhdr}
\usepackage{multicol}
\usepackage{calc}
\usepackage{lettrine}
\usepackage[margin=2cm,includeheadfoot]{geometry}

\begin{document} 
\pagestyle{plain} 
\font\normalitalicnormal="Times New Roman" at 24pt
\font\italicnormal="Times New Roman/I" at 24pt
\font\normal="Times New Roman" at 24pt
\pagestyle{fancy} 

\normal{To test the font style }\italicnormal{(italic coming inside) }\normalitalicnormal{with normal }\normal{text }

\end{document}
