\documentclass{article} 
\usepackage{fontspec}
\usepackage{fancyhdr}
\usepackage{multicol}

\begin{document} 
\thispagestyle{empty} 
\font\badicBody="Arial Black":color=0000ff at 24pt
\font\adicBody="Arial Black":color=ff0000 at 24pt

\adicBody{Text a }

\badicBody{Text b}

\end{document}
