\documentclass{article} 
\usepackage{changepage}
\usepackage{float}
\usepackage{grffile}
\usepackage{graphicx}
\usepackage{amssymb}
\usepackage{fontspec}
\usepackage{fancyhdr}
\usepackage{multicol}

\begin{document} 
\thispagestyle{empty} 
\font\tdtbta="Arial/B":color=a52a2a at 20pt
\font\tctbta="Arial":color=008000 at 20pt
\font\tbta="Arial/B":color=0000ff at 20pt
\font\ta="Arial":color=ff0000 at 20pt

\ta{T1 class }

\tbta{T2 class }

\tctbta{T3 class }

\tdtbta{T4 class }

\tbta{T2 class }

\ta{T1 class }

\end{document}
