\documentclass[a4paper]{article} 
\usepackage{changepage}
\usepackage{float}
\usepackage{grffile}
\usepackage{graphicx}
\usepackage{amssymb}
\usepackage{fontspec}
\usepackage{fancyhdr}
\usepackage{multicol}
\usepackage{calc}
\usepackage{lettrine}
\usepackage[margin=2cm,includeheadfoot]{geometry}

\begin{document} 
\pagestyle{plain} 
\font\tctbta="Times New Roman/I":color=008000 at 40pt
\font\tbta="Arial/I":color=0000ff at 20pt
\font\ta="Arial/I":color=ff0000 at 20pt

\pagestyle{fancy} 

\ta{T1 class }

\tbta{T2 class }

\tctbta{T3 class }

\tbta{T2 class }

\ta{T1 class }

\end{document}
