\documentclass{article} 
\begin{document} 
\font\mr="Times New Roman" at 12pt

\rightskip=36pt{\mr{Maybe some of the LaTeX folks here can suggest how this would be integrated properly with LaTeX environments and other parameters. But it may be enough to get you started, at least. }}

\end{document}
