\documentclass[a4paper]{article} 
\usepackage{changepage}
\usepackage{float}
\usepackage{grffile}
\usepackage{graphicx}
\usepackage{amssymb}
\usepackage{fontspec}
\usepackage{fancyhdr}
\usepackage{multicol}
\usepackage{calc}
\usepackage[margin=2cm,includeheadfoot]{geometry}

\begin{document} 
\pagestyle{plain} 
\font\acmain="Times New Roman":color=ffa500 at 18pt
\font\bmain="Times New Roman":color=ff0000 at 12pt
\font\amain="Times New Roman":color=0000ff at 18pt
\font\abcmain="Times New Roman":color=ffa500 at 24pt
\font\main="Times New Roman" at 12pt
\pagestyle{fancy} 

\abcmain{sample text file b a c }

\amain{sample text file a }

\bmain{sample text file b }

\amain{sample text file a b }

\amain{sample text file b a }

\acmain{sample text file a c }

\end{document}
