\documentclass[a4paper]{article} 
\usepackage{changepage}
\usepackage{float}
\usepackage{grffile}
\usepackage{graphicx}
\usepackage{amssymb}
\usepackage{fontspec}
\usepackage{fancyhdr}
\usepackage{multicol}
\usepackage{calc}
\usepackage[margin=2cm,includeheadfoot]{geometry}

\begin{document} 
\thispagestyle{empty} 
\font\tctbta="Times New Roman":color=008000 at 5pt
\font\tbta="Times New Roman":color=ff0000 at 10pt
\font\ta="Times New Roman":color=ff0000 at 30pt

\ta{T1 class }

\tbta{T2 class }

\tctbta{T3 class }

\tbta{T2 class }

\ta{T1 class }

\end{document}
