\documentclass[a4paper]{article} 
\usepackage{setspace}
\usepackage{changepage}
\usepackage{float}
\usepackage{grffile}
\usepackage{graphicx}
\usepackage{amssymb}
\usepackage{fontspec}
\usepackage{fancyhdr}
\usepackage{multicol}
\usepackage{calc}
\usepackage[margin=2cm,includeheadfoot]{geometry}

\begin{document} 
\pagestyle{plain} 
\font\tctbta="Times New Roman":color=008000 at 8pt
\font\tbta="Times New Roman":color=0000ff at 16pt
\font\ta="Times New Roman":color=ff0000 at 32pt
\pagestyle{fancy} 

\ta{T1 class }\tbta{T2 class }\tctbta{T3 class }\tbta{T2 class }\ta{T1 class }

\end{document}
