\documentclass[a4paper]{article} 
\usepackage{changepage}
\usepackage{float}
\usepackage{grffile}
\usepackage{graphicx}
\usepackage{amssymb}
\usepackage{fontspec}
\usepackage{fancyhdr}
\usepackage{multicol}
\usepackage{calc}
\usepackage{lettrine}
\usepackage[left=2cm,right=2cm,top=1.99cm,bottom=1.99cm,includeheadfoot]{geometry}

\parindent=0pt
\parskip=\medskipamount
\begin{document} 
\pagestyle{plain} 
\font\xitemen="Times New Roman":color=ffa500 at 12pt
\font\xitemmain="Times New Roman":color=ff0000 at 12pt
\font\xitemenxitem="Times New Roman":color=008000 at 12pt
\font\main="Times New Roman" at 12pt
\font\xitemenmain="Times New Roman":color=008000 at 12pt
\font\xitemxitemmain="Times New Roman":color=0000ff at 12pt

\pagestyle{fancy} 

\xitemenmain{sample text file }

\xitemxitemmain{sample text file }

\xitemenmain{sample text file }

\xitemxitemmain{sample text file }

\xitemenmain{sample text file }

\xitemxitemmain{sample text file }

\xitemxitemmain{sample text file }

\xitemxitemmain{No Lang sample text file }

\end{document}
