\documentclass[a4paper]{article} 
\usepackage{texthanglist}
\usepackage{changepage}
\usepackage{float}
\usepackage{grffile}
\usepackage{graphicx}
\usepackage{amssymb}
\usepackage{fontspec}
\usepackage{fancyhdr}
\usepackage{multicol}
\usepackage{calc}
\usepackage{lettrine}
\usepackage[margin=2cm,includeheadfoot]{geometry}

\begin{document} 
\pagestyle{plain} 
\font\salvationt="Times New Roman" at 15pt
\font\verset="Times New Roman" at 15pt
\font\t="Times New Roman" at 15pt
\pagestyle{fancy} 

\t{You and all the people of Israel: It is by the name of Jesus Christ of Nazareth, whom you crucified but whom God raised from the dead, that this man stands before you healed. }\verset{11}\t{He is " 'the stone you builders rejected, which has become the capstone.[a]'[b] }\verset{12}\salvationt{ Salvation is found in no one else, for there is no other name under heaven given to men by which we must be saved." }

\end{document}
