\documentclass[a4paper]{article} 
\usepackage{changepage}
\usepackage{float}
\usepackage{grffile}
\usepackage{graphicx}
\usepackage{amssymb}
\usepackage{fontspec}
\usepackage{fancyhdr}
\usepackage{multicol}
\usepackage{calc}
\usepackage[margin=2cm,includeheadfoot]{geometry}

\begin{document} 
\pagestyle{plain} 
\font\tctbta="Times New Roman":color=008000 at 12pt
\font\tbta="Times New Roman" at 12pt
\font\ta="Times New Roman" at 12pt

\spaceskip 5pt{\ta{T1 class }}{\raggedright} 

\spaceskip 10pt{\tbta{T2 class }}

\spaceskip 50pt{\tctbta{T3 class }}

\spaceskip 10pt{\tbta{T2 class }} 

\spaceskip 5pt{\ta{T1 class }}

\end{document}
