<?xml version="1.0"?>
<office:document-content xmlns:office="urn:oasis:names:tc:opendocument:xmlns:office:1.0" xmlns:style="urn:oasis:names:tc:opendocument:xmlns:style:1.0" xmlns:text="urn:oasis:names:tc:opendocument:xmlns:text:1.0" xmlns:table="urn:oasis:names:tc:opendocument:xmlns:table:1.0" xmlns:draw="urn:oasis:names:tc:opendocument:xmlns:drawing:1.0" xmlns:fo="urn:oasis:names:tc:opendocument:xmlns:xsl-fo-compatible:1.0" xmlns:xlink="http://www.w3.org/1999/xlink" xmlns:dc="http://purl.org/dc/elements/1.1/" xmlns:meta="urn:oasis:names:tc:opendocument:xmlns:meta:1.0" xmlns:number="urn:oasis:names:tc:opendocument:xmlns:datastyle:1.0" xmlns:svg="urn:oasis:names:tc:opendocument:xmlns:svg-compatible:1.0" xmlns:chart="urn:oasis:names:tc:opendocument:xmlns:chart:1.0" xmlns:dr3d="urn:oasis:names:tc:opendocument:xmlns:dr3d:1.0" xmlns:math="http://www.w3.org/1998/Math/MathML" xmlns:form="urn:oasis:names:tc:opendocument:xmlns:form:1.0" xmlns:script="urn:oasis:names:tc:opendocument:xmlns:script:1.0" xmlns:ooo="http://openoffice.org/2004/office" xmlns:ooow="http://openoffice.org/2004/writer" xmlns:oooc="http://openoffice.org/2004/calc" xmlns:dom="http://www.w3.org/2001/xml-events" xmlns:xforms="http://www.w3.org/2002/xforms" xmlns:xsd="http://www.w3.org/2001/XMLSchema" xmlns:xsi="http://www.w3.org/2001/XMLSchema-instance" xmlns:rpt="http://openoffice.org/2005/report" xmlns:of="urn:oasis:names:tc:opendocument:xmlns:of:1.2" xmlns:xhtml="http://www.w3.org/1999/xhtml" xmlns:grddl="http://www.w3.org/2003/g/data-view#" xmlns:field="urn:openoffice:names:experimental:ooo-ms-interop:xmlns:field:1.0" grddl:transformation="http://docs.oasis-open.org/office/1.2/xslt/odf2rdf.xsl">
  <office:scripts>
    <office:event-listeners>
      <script:event-listener script:language="ooo:script" script:event-name="dom:load" xlink:href="vnd.sun.star.script:Standard.Module1.StartDontForget?language=Basic&amp;location=document" />
      <script:event-listener script:language="ooo:script" script:event-name="office:print" xlink:href="vnd.sun.star.script:Standard.Module1.IsGuidewordsCorrected?language=Basic&amp;location=document" />
    </office:event-listeners>
  </office:scripts>
  <office:font-face-decls>
    <style:font-face style:name="Times New Roman" svg:font-family="'Times New Roman'" style:font-family-generic="roman" style:font-pitch="variable" />
    <style:font-face style:name="Yi plus Phonetics" svg:font-family="'Yi plus Phonetics'" />
    <style:font-face style:name="Arial" svg:font-family="'Arial'" style:font-family-generic="swiss" style:font-pitch="variable" />
    <style:font-face style:name="Lucida Sans Unicode" svg:font-family="'Lucida Sans Unicode'" style:font-family-generic="system" style:font-pitch="variable" />
    <style:font-face style:name="MS Mincho" svg:font-family="'MS Mincho'" style:font-family-generic="system" style:font-pitch="variable" />
    <style:font-face style:name="Tahoma" svg:font-family="'Tahoma'" style:font-family-generic="system" style:font-pitch="variable" />
    <style:font-face style:name="Scheherazade Graphite Alpha" svg:font-family="'Scheherazade Graphite Alpha'" />
  </office:font-face-decls>
  <office:automatic-styles>
    <style:style style:name="P4" style:family="paragraph" style:parent-style-name="hide" style:master-page-name="First_20_Page">
      <style:paragraph-properties style:page-number="auto" />
    </style:style>
    <style:style style:name="SectODM" style:family="section">
      <style:section-properties style:editable="false">
        <style:columns fo:column-count="1" fo:column-gap="0in" />
      </style:section-properties>
    </style:style>
  <style:style style:name="Sect_letHead" style:family="section" xmlns:style="urn:oasis:names:tc:opendocument:xmlns:style:1.0">
    <style:section-properties text:dont-balance-text-columns="false" style:editable="false" xmlns:text="urn:oasis:names:tc:opendocument:xmlns:text:1.0">
      <style:columns fo:column-count="1" xmlns:fo="urn:oasis:names:tc:opendocument:xmlns:xsl-fo-compatible:1.0" />
    </style:section-properties>
  </style:style>

  <style:style style:name="Sect_letData" style:family="section" xmlns:style="urn:oasis:names:tc:opendocument:xmlns:style:1.0">
    <style:section-properties text:dont-balance-text-columns="false" style:editable="false" xmlns:text="urn:oasis:names:tc:opendocument:xmlns:text:1.0">
      <style:columns fo:column-count="2" xmlns:fo="urn:oasis:names:tc:opendocument:xmlns:xsl-fo-compatible:1.0"><style:column-sep style:width="1pt" style:color="#aa0000" /><style:column style:rel-width="2.633859*" fo:start-indent="0in" fo:end-indent="0.75in" xmlns:fo="urn:oasis:names:tc:opendocument:xmlns:xsl-fo-compatible:1.0" xmlns:style="urn:oasis:names:tc:opendocument:xmlns:style:1.0" /><style:column style:rel-width="2.633859*" fo:start-indent="0.75in" fo:end-indent="0in" xmlns:fo="urn:oasis:names:tc:opendocument:xmlns:xsl-fo-compatible:1.0" xmlns:style="urn:oasis:names:tc:opendocument:xmlns:style:1.0" /></style:columns>
    </style:section-properties>
  </style:style>
</office:automatic-styles>
  <office:body>
    <office:text>
      <text:sequence-decls>
        <text:sequence-decl text:display-outline-level="0" text:name="Illustration" />
        <text:sequence-decl text:display-outline-level="0" text:name="Table" />
        <text:sequence-decl text:display-outline-level="0" text:name="Text" />
        <text:sequence-decl text:display-outline-level="0" text:name="Drawing" />
      </text:sequence-decls>
      <text:p text:style-name="P4" /><text:p text:style-name="main"><text:span text:style-name="xitem_main">
No Lang sample text file
</text:span><text:span text:style-name="xitem_.en_main">
sample text file
</text:span><text:span text:style-name="xitem_.fr_main">
exemple de fichier texte
</text:span><text:span text:style-name="xitem_.es_main">
Este es muestra texto
</text:span><text:span text:style-name="xitem_.en-US_main">
sample text file
</text:span><text:span text:style-name="xitem_.fr-FR_main">
exemple de fichier texte
</text:span><text:span text:style-name="xitem_.es-ES_main">
Este es muestra texto
</text:span>
      </text:p>
      <text:p text:style-name="xitem_.es-ES_main">
Este es muestra texto
<text:span text:style-name="span_xitem_.es-ES_main">
Este es muestra texto
</text:span></text:p></office:text></office:body></office:document-content>