<?xml version="1.0" encoding="UTF-8"?>
<office:document-content xmlns:office="urn:oasis:names:tc:opendocument:xmlns:office:1.0" xmlns:style="urn:oasis:names:tc:opendocument:xmlns:style:1.0" xmlns:text="urn:oasis:names:tc:opendocument:xmlns:text:1.0">
  <office:body>
    <office:text>
      <text:sequence-decls>
        <text:sequence-decl text:display-outline-level="0" text:name="Illustration" />
        <text:sequence-decl text:display-outline-level="0" text:name="Table" />
        <text:sequence-decl text:display-outline-level="0" text:name="Text" />
        <text:sequence-decl text:display-outline-level="0" text:name="Drawing" />
      </text:sequence-decls>
      <text:p text:style-name="P4" />
      <text:p text:style-name="space">This<text:s text:c="1" />is<text:s text:c="1" />a<text:s text:c="11" />sample </text:p>
      <text:p text:style-name="">Data</text:p>
      <text:p text:style-name="nowrap">Goo (programming language), a programming language in
                the Lisp family </text:p>
      <text:p text:style-name="normal">Goo (programming language), a programming language in
                the Lisp family </text:p>
      <text:p text:style-name="letter">Goo (programming language), a programming language in
                the Lisp family </text:p>
      <text:section text:style-name="SectODM" text:name="reversal.odt" text:protected="false">
        <text:section-source xlink:href="../reversal.odt" text:filter-name="writer8" xmlns:xlink="http://www.w3.org/1999/xlink" />
      </text:section>
      <text:section text:style-name="SectODM" text:name="grammer.odt" text:protected="false">
        <text:section-source xlink:href="../grammer.odt" text:filter-name="writer8" xmlns:xlink="http://www.w3.org/1999/xlink" />
      </text:section>
    </office:text>
  </office:body>
</office:document-content>