<?xml version="1.0"?>
<office:document-content xmlns:office="urn:oasis:names:tc:opendocument:xmlns:office:1.0" xmlns:style="urn:oasis:names:tc:opendocument:xmlns:style:1.0" xmlns:text="urn:oasis:names:tc:opendocument:xmlns:text:1.0" xmlns:table="urn:oasis:names:tc:opendocument:xmlns:table:1.0" xmlns:draw="urn:oasis:names:tc:opendocument:xmlns:drawing:1.0" xmlns:fo="urn:oasis:names:tc:opendocument:xmlns:xsl-fo-compatible:1.0" xmlns:xlink="http://www.w3.org/1999/xlink" xmlns:dc="http://purl.org/dc/elements/1.1/" xmlns:meta="urn:oasis:names:tc:opendocument:xmlns:meta:1.0" xmlns:number="urn:oasis:names:tc:opendocument:xmlns:datastyle:1.0" xmlns:svg="urn:oasis:names:tc:opendocument:xmlns:svg-compatible:1.0" xmlns:chart="urn:oasis:names:tc:opendocument:xmlns:chart:1.0" xmlns:dr3d="urn:oasis:names:tc:opendocument:xmlns:dr3d:1.0" xmlns:math="http://www.w3.org/1998/Math/MathML" xmlns:form="urn:oasis:names:tc:opendocument:xmlns:form:1.0" xmlns:script="urn:oasis:names:tc:opendocument:xmlns:script:1.0" xmlns:ooo="http://openoffice.org/2004/office" xmlns:ooow="http://openoffice.org/2004/writer" xmlns:oooc="http://openoffice.org/2004/calc" xmlns:dom="http://www.w3.org/2001/xml-events" xmlns:xforms="http://www.w3.org/2002/xforms" xmlns:xsd="http://www.w3.org/2001/XMLSchema" xmlns:xsi="http://www.w3.org/2001/XMLSchema-instance" xmlns:rpt="http://openoffice.org/2005/report" xmlns:of="urn:oasis:names:tc:opendocument:xmlns:of:1.2" xmlns:xhtml="http://www.w3.org/1999/xhtml" xmlns:grddl="http://www.w3.org/2003/g/data-view#" xmlns:field="urn:openoffice:names:experimental:ooo-ms-interop:xmlns:field:1.0" grddl:transformation="http://docs.oasis-open.org/office/1.2/xslt/odf2rdf.xsl">
  <office:scripts>
    <office:event-listeners>
      <script:event-listener script:language="ooo:script" script:event-name="dom:load" xlink:href="vnd.sun.star.script:Standard.Module1.StartDontForget?language=Basic&amp;location=document" />
      <script:event-listener script:language="ooo:script" script:event-name="office:print" xlink:href="vnd.sun.star.script:Standard.Module1.IsGuidewordsCorrected?language=Basic&amp;location=document" />
    </office:event-listeners>
  </office:scripts>
  <office:font-face-decls>
    <style:font-face style:name="Times New Roman" svg:font-family="'Times New Roman'" style:font-family-generic="roman" style:font-pitch="variable" />
    <style:font-face style:name="Yi plus Phonetics" svg:font-family="'Yi plus Phonetics'" />
    <style:font-face style:name="Arial" svg:font-family="'Arial'" style:font-family-generic="swiss" style:font-pitch="variable" />
    <style:font-face style:name="Lucida Sans Unicode" svg:font-family="'Lucida Sans Unicode'" style:font-family-generic="system" style:font-pitch="variable" />
    <style:font-face style:name="MS Mincho" svg:font-family="'MS Mincho'" style:font-family-generic="system" style:font-pitch="variable" />
    <style:font-face style:name="Tahoma" svg:font-family="'Tahoma'" style:font-family-generic="system" style:font-pitch="variable" />
    <style:font-face style:name="Scheherazade Graphite Alpha" svg:font-family="'Scheherazade Graphite Alpha'" />
  </office:font-face-decls>
  <office:automatic-styles>
    <style:style style:name="P4" style:family="paragraph" style:parent-style-name="hide" style:master-page-name="First_20_Page">
      <style:paragraph-properties style:page-number="auto" />
    </style:style>
    <style:style style:name="SectODM" style:family="section">
      <style:section-properties style:editable="false">
        <style:columns fo:column-count="1" fo:column-gap="0in" />
      </style:section-properties>
    </style:style>
  <style:style style:name="Sect_letHead" style:family="section" xmlns:style="urn:oasis:names:tc:opendocument:xmlns:style:1.0">
    <style:section-properties text:dont-balance-text-columns="false" style:editable="false" xmlns:text="urn:oasis:names:tc:opendocument:xmlns:text:1.0">
      <style:columns fo:column-count="1" xmlns:fo="urn:oasis:names:tc:opendocument:xmlns:xsl-fo-compatible:1.0" />
    </style:section-properties>
  </style:style>

  <style:style style:name="Sect_letData" style:family="section" xmlns:style="urn:oasis:names:tc:opendocument:xmlns:style:1.0">
    <style:section-properties text:dont-balance-text-columns="false" style:writing-mode="lr-tb" style:editable="false" xmlns:text="urn:oasis:names:tc:opendocument:xmlns:text:1.0">
      <style:columns fo:column-count="2" xmlns:fo="urn:oasis:names:tc:opendocument:xmlns:xsl-fo-compatible:1.0"><style:column-sep style:width="1pt" style:color="#aa0000" /><style:column style:rel-width="3.25*" fo:start-indent="0in" fo:end-indent="0.125in" xmlns:fo="urn:oasis:names:tc:opendocument:xmlns:xsl-fo-compatible:1.0" xmlns:style="urn:oasis:names:tc:opendocument:xmlns:style:1.0" /><style:column style:rel-width="3.25*" fo:start-indent="0.125in" fo:end-indent="0in" xmlns:fo="urn:oasis:names:tc:opendocument:xmlns:xsl-fo-compatible:1.0" xmlns:style="urn:oasis:names:tc:opendocument:xmlns:style:1.0" /></style:columns>
    </style:section-properties>
  </style:style>
</office:automatic-styles>
  <office:body>
    <office:text>
      <text:sequence-decls>
        <text:sequence-decl text:display-outline-level="0" text:name="Illustration" />
        <text:sequence-decl text:display-outline-level="0" text:name="Table" />
        <text:sequence-decl text:display-outline-level="0" text:name="Text" />
        <text:sequence-decl text:display-outline-level="0" text:name="Drawing" />
      </text:sequence-decls>
      <text:p text:style-name="P4" />
      <text:section text:style-name="Sect_letHead" text:name="Sect_letHead">
        <text:p text:style-name="letter_letHead">A a</text:p>
      </text:section>
      <text:section text:style-name="Sect_letData" text:name="Sect_letData"><text:p text:style-name="entry_letData"><text:span text:style-name="headword_.bzh_entry_letData">=a</text:span><text:span text:style-name="pronunciation_.bzh-fonipa_pronunciations_entry_letData">a</text:span>
        </text:p><text:p text:style-name="sense_senses_entry_letData"><text:span text:style-name="partofspeech_.en_grammaticalinfo_sense_senses_entry_letData">int</text:span><text:span text:style-name="xlanguagetag_.en_xitem_.en_definition_.en_sense_senses_entry_letData">Eng </text:span><text:span text:style-name="xitem_.en_definition_.en_sense_senses_entry_letData">question marker added to consonant final words</text:span><text:span text:style-name="xlanguagetag_.en_xitem_.tpi_definition_.en_sense_senses_entry_letData">Pdg </text:span><text:span text:style-name="xitem_.tpi_definition_.en_sense_senses_entry_letData">dispela i makim askim</text:span><text:span text:style-name="xlanguagetag_.en_example_.bzh_xitem_examples_sense_senses_entry_letData">Bua </text:span><text:span text:style-name="example_.bzh_xitem_examples_sense_senses_entry_letData">Ġëyam-a?</text:span><text:span text:style-name="xlanguagetag_.en_translation_.en_translations_xitem_examples_sense_senses_entry_letData">Eng </text:span><text:span text:style-name="translation_.en_translations_xitem_examples_sense_senses_entry_letData">Have you come?</text:span><text:span>Bua </text:span><text:span>Maḳ ġelë Abraham-a?</text:span><text:span>Eng </text:span><text:span>Did you maybe see Abraham?</text:span></text:p><text:p text:style-name="entry_letData"><text:span>a-</text:span><text:span>a</text:span>
        </text:p><text:p text:style-name="sense_senses_entry_letData"><text:span>V</text:span><text:span text:style-name="slotname_.en_slots_grammaticalinfo_sense_senses_entry_letData">Person</text:span><text:span text:style-name="xlanguagetag_.en_definition_.en_sense_senses_entry_letData">Eng </text:span><text:span text:style-name="definition_.en_sense_senses_entry_letData">First person plural marker prefixed to verbs stressed on the first syllable of the root in first person dual, trial and plural forms. It is often not marked on the plural exclusive unless something else intervenes between the pronoun he and the verb</text:span><text:span>Bua </text:span><text:span>He su ayoh vu bë adah vun in ham rë.</text:span><text:span>Eng </text:span><text:span>We are not able to hide it from you</text:span><text:span>Bua </text:span><text:span>Hil ana sepa ataġ vaha .</text:span><text:span>Eng </text:span><text:span>Let's go and follow my mother's tracks</text:span><text:span>Bua </text:span><text:span>Alu aluḳ dub loḳ ayed sënë</text:span><text:span>Eng </text:span><text:span>We two went to school in our own language</text:span></text:p><text:p text:style-name="entry_letData"><text:span>aba</text:span><text:span>ˈa.ᵐba</text:span>
        </text:p><text:p text:style-name="sense_senses_entry_letData"><text:span>noun(al)</text:span><text:span>Eng </text:span><text:span>cob, core, the central section of a cob of corn or of pandanus fruit after the outer seeds or kernels are removed</text:span><text:span>Pdg </text:span><text:span>bun bilong kon o marita</text:span><text:span>Bua </text:span><text:span>Aba neggëp loḳ sakom ayo peggo</text:span><text:span>Eng </text:span><text:span>There is an inner core inside a cob of corn</text:span><text:span>Bua </text:span><text:span>Desoh taġee gedetë aba ya</text:span><text:span>Eng </text:span><text:span>They removed the fruit of the pandanus and threw the inner core away.</text:span><text:span text:style-name="semanticdomainabbr_.en_xitem_semanticdomains_sense_senses_entry_letData">1.5.5</text:span><text:span text:style-name="semanticdomainname_.en_xitem_semanticdomains_sense_senses_entry_letData">Parts of a plant</text:span><text:span>5.2.3.1.2</text:span><text:span>Food from fruit</text:span></text:p><text:p text:style-name="entry_letData"><text:span>abel</text:span><text:span>a.ˈᵐbɛl̪</text:span>
        </text:p><text:p text:style-name="sense_senses_entry_letData"><text:span text:style-name="xsensenumber_.en_sense_senses_entry_letData">1) </text:span><text:span>noun(al)</text:span><text:span>Eng </text:span><text:span>line, row</text:span><text:span>Pdg </text:span><text:span>lain</text:span><text:span text:style-name="xlanguagetag_.en_example_.bzh_examples_sense_senses_entry_letData">Bua </text:span><text:span text:style-name="example_.bzh_examples_sense_senses_entry_letData">Pedi sakom abel luu vu sa</text:span><text:span text:style-name="xlanguagetag_.en_translation_.en_translations_examples_sense_senses_entry_letData">Eng </text:span><text:span text:style-name="translation_.en_translations_examples_sense_senses_entry_letData">He prised off two rows of kernels from the corn cob for me.</text:span><text:span text:style-name="semanticdomainabbr_.en_semanticdomains_sense_senses_entry_letData">8.3.1</text:span><text:span text:style-name="semanticdomainname_.en_semanticdomains_sense_senses_entry_letData">Shape</text:span></text:p><text:p text:style-name="sense_senses_entry_letData"><text:span>2) </text:span><text:span>noun(al)</text:span><text:span>Eng </text:span><text:span>pole, the lowest of the three horizontal poles to which a fence is tied and which form the main horizontal framework for the fence. This is the biggest of the three</text:span><text:span>Pdg </text:span><text:span>stik-longpela diwai o mambu ol i yusim bilong pasim banis i go pas long en</text:span><text:span>Bua </text:span><text:span>Debë abel loḳ heek gedevaḳu</text:span><text:span>Eng </text:span><text:span>They laid the horizontal pole in the fence and tied it in</text:span><text:span>6.5.1.5</text:span><text:span>Fence, wall</text:span><text:span>6.5.2.1</text:span><text:span>Wall</text:span></text:p><text:p text:style-name="entry_letData"><text:span>redup.</text:span><text:span text:style-name="complexentryform_.bzh_complexformrefs_entry_letData">abel abel</text:span></text:p><text:p text:style-name="entry_letData"><text:span>abel abel</text:span><text:span>a.ˈᵐbɛl̪ a.ˈᵐbɛl̪</text:span><text:span text:style-name="entrytypeabbr_.en_primaryrefs_entry_letData">redup. of</text:span><text:span text:style-name="mainentryref_.bzh_primaryrefs_entry_letData">abel</text:span>
        </text:p><text:p text:style-name="sense_senses_entry_letData"><text:span>Nc</text:span><text:span>Eng </text:span><text:span>lines, rows</text:span><text:span>Pdg </text:span><text:span>lain</text:span><text:span>Bua </text:span><text:span>Neggëp abel abel</text:span><text:span>Eng </text:span><text:span>It is laid out in rows </text:span></text:p><text:p text:style-name="entry_letData"><text:span>abes</text:span><text:span>a.ˈᵐbɛt͡ʃ</text:span>
        </text:p><text:p text:style-name="sense_senses_entry_letData"><text:span>noun(al)</text:span><text:span>Eng </text:span><text:span>having a flat tail-as of eels, tadpoles, catfish</text:span><text:span>Pdg </text:span><text:span>stretpela tel-olsem tel bilong maleo, pis, samting</text:span><text:span>Bua </text:span><text:span>Beggöb raḳ bël rabu raḳ abes</text:span><text:span>Eng </text:span><text:span>Eels are able to climb waterfalls by using their tails</text:span><text:span>Bua </text:span><text:span>Meġov abes pepöö ya gevaha los nema raḳ</text:span><text:span>Eng </text:span><text:span>Tadpoles' tails fall off and they grow legs and hands</text:span><text:span>2.1</text:span><text:span>Body</text:span><text:span>8.3.1</text:span><text:span>Shape</text:span></text:p><text:p text:style-name="entry_letData"><text:span>abiba</text:span><text:span>a.ˈᵐbi.ᵐba</text:span>
        </text:p><text:p text:style-name="sense_senses_entry_letData"><text:span>noun(al)</text:span><text:span>Eng </text:span><text:span>yam species</text:span><text:span>Pdg </text:span><text:span>yam</text:span><text:span>Bua </text:span><text:span>Alam dëvaroh go abiba, in nos nivesa</text:span><text:span>Eng </text:span><text:span>People plant abiba yams because they are good food</text:span><text:span text:style-name="lexreftype_.en_relations_sense_senses_entry_letData">gen</text:span><text:span text:style-name="sensecrossref_.bzh_lexreftargets_relations_sense_senses_entry_letData">go ata</text:span><text:span>1.5.3</text:span><text:span>Grass, herb, vine</text:span></text:p><text:p text:style-name="entry_letData"><text:span>abu</text:span><text:span>a.ˈᵐbu</text:span>
        </text:p><text:p text:style-name="sense_senses_entry_letData"><text:span>noun(al)</text:span><text:span>Eng </text:span><text:span>large brown flying beetle</text:span><text:span>Pdg </text:span><text:span>kain binatang em i save plai long nait</text:span><text:span>Bua </text:span><text:span>Ġab ti arë nebë abu balam dëgga</text:span><text:span>Eng </text:span><text:span>There is a beetle called abu which people eat.</text:span><text:span>Gen</text:span><text:span>ġab</text:span><text:span>1.6.1.7</text:span><text:span>Insect</text:span></text:p><text:p text:style-name="entry_letData"><text:span>abuhek</text:span><text:span>a.ˈᵐbuʁ.ək</text:span>
        </text:p><text:p text:style-name="sense_senses_entry_letData"><text:span>noun(al)</text:span><text:span>Eng </text:span><text:span>edible wild sugarcane-Saccharum edule; this is the generic term,-many different varieties are grown</text:span><text:span>Pdg </text:span><text:span>ol pitpit bilong kaikai</text:span><text:span>Bua </text:span><text:span>Avëh devesi abuhek vu maluh</text:span><text:span>Eng </text:span><text:span>The women roasted `pitpit' for the men</text:span><text:span text:style-name="lexreftype_.en_xitem_relations_sense_senses_entry_letData">Spec</text:span><text:span text:style-name="sensecrossref_.bzh_xitem_lexreftargets_xitem_relations_sense_senses_entry_letData">daġoraa<text:span text:style-name="xsensenumber_.en_sensecrossref_.bzh_xitem_lexreftargets_xitem_relations_sense_senses_entry_letData"> 2</text:span></text:span><text:span>ġaġën</text:span><text:span>ggii</text:span><text:span>jaġ</text:span><text:span>ḳerëḳ</text:span><text:span>ḳuuḳ<text:span text:style-name="xhomographnumber_sensecrossref_.bzh_xitem_lexreftargets_xitem_relations_sense_senses_entry_letData">2</text:span></text:span><text:span>matav</text:span><text:span>mav</text:span><text:span>meḳu</text:span><text:span>non</text:span><text:span>pelumeng</text:span><text:span>ta<text:span text:style-name="xhomographnumber_sensecrossref_.bzh_xitem_lexreftargets_xitem_relations_sense_senses_entry_letData">2</text:span></text:span><text:span>viihus<text:span text:style-name="xhomographnumber_sensecrossref_.bzh_xitem_lexreftargets_xitem_relations_sense_senses_entry_letData">2</text:span></text:span><text:span>Gen</text:span><text:span text:style-name="sensecrossref_.bzh_lexreftargets_xitem_relations_sense_senses_entry_letData">nos</text:span><text:span>Saccharum edule</text:span><text:span>1.5.3</text:span><text:span>Grass, herb, vine</text:span><text:span>5.2</text:span><text:span>Food</text:span><text:span>6.2</text:span><text:span>Agriculture</text:span></text:p><text:p text:style-name="entry_letData"><text:span>abuung</text:span><text:span>a.ˈᵐbuːŋ</text:span><text:span text:style-name="crossreftype_.en_crossrefs_entry_letData">cf</text:span><text:span text:style-name="crossref_.bzh_crossreftargets_crossrefs_entry_letData">bebëëḳ</text:span>
        </text:p><text:p text:style-name="sense_senses_entry_letData"><text:span>noun(al)</text:span><text:span>Eng </text:span><text:span>A flat sheet used as a rubbish carrier. They are usually used in pairs and are made from any suitable material such as the sago palm trunk, the sheath of a banana palm, or in more recent times from a couple of pieces of flat iron or plywood.</text:span><text:span>Pdg </text:span><text:span>pangal bilong saksak ol meri save kisim bilong bungim pipia long en.</text:span><text:span>Bua </text:span><text:span>Anii keḳel sengo sengo raḳ abuung ya vud degwa</text:span><text:span>Eng </text:span><text:span>Anii scraped up the rubbish with the abuung and put it at the foot of the banana palm.</text:span><text:span>8.3.1</text:span><text:span>Shape</text:span></text:p><text:p text:style-name="entry_letData"><text:span>adiiv</text:span><text:span>a.ˈⁿdiːβ</text:span>
        </text:p><text:p text:style-name="sense_senses_entry_letData"><text:span>prop</text:span><text:span>Eng </text:span><text:span>Angans-people of the Angan family of languages, formerly referred to as the Kukukuku people</text:span><text:span>Pdg </text:span><text:span>manmeri Watut inap i go long Asiki</text:span><text:span>Bua </text:span><text:span>Adiiv desis Mata Boom wirek</text:span><text:span>Eng </text:span><text:span>The Angans killed Mr Baum long ago</text:span><text:span>2</text:span><text:span>Person</text:span></text:p><text:p text:style-name="entry_letData"><text:span>ading</text:span><text:span>a.ˈⁿdiŋ</text:span>
        </text:p><text:p text:style-name="sense_senses_entry_letData"><text:span>1) </text:span><text:span>adj</text:span><text:span>Eng </text:span><text:span>long, tall</text:span><text:span>Pdg </text:span><text:span>longpela, longwe</text:span><text:span>Bua </text:span><text:span>Maluh seyu anöö raḳ aggis ading.</text:span><text:span>Eng </text:span><text:span>The man tied the dog up with a long rope.</text:span><text:span>Bua </text:span><text:span>Nabë sa nanër dus, më ading, og yiḳ yoh vu!</text:span><text:span>Eng </text:span><text:span>Whether I speak briefly or at length, it doesn't matter.</text:span><text:span>Bua </text:span><text:span>Bël tuus geseya ading rot.</text:span><text:span>Eng </text:span><text:span>The water had dried up and I went a very long way.</text:span><text:span>8.2.2</text:span><text:span>Long</text:span><text:span>8.2.2.1</text:span><text:span>Short, not long</text:span><text:span>8.2.2.2</text:span><text:span>Tall</text:span><text:span>8.2.2.3</text:span><text:span>Short, not tall</text:span><text:span>8.2.6.3</text:span><text:span>High</text:span><text:span>8.2.6.4</text:span><text:span>Low</text:span><text:span>8.2.6.5</text:span><text:span>Deep, shallow</text:span></text:p><text:p text:style-name="sense_senses_entry_letData"><text:span>2) </text:span><text:span>Adv</text:span><text:span>Eng </text:span><text:span>far, distant</text:span><text:span>Pdg </text:span><text:span>longwe</text:span><text:span>Bua </text:span><text:span>He naya nyëġ ading rot.</text:span><text:span>Eng </text:span><text:span>We are going to a very distant place.</text:span><text:span>Bua </text:span><text:span>Bööḳ yu ti vare deneruuk raḳ ḳedu sënë medenare ading teka.</text:span><text:span>Eng </text:span><text:span>A herd of pigs were rooting on this mountain and they were standing at a little distance.</text:span><text:span>8.2.6.1</text:span><text:span>Far</text:span><text:span>8.2.6.2</text:span><text:span>Near</text:span><text:span>8.5.1.2</text:span><text:span>Beside</text:span><text:span>8.5.1.5</text:span><text:span>Touching, contact</text:span><text:span>8.5.1.5.1</text:span><text:span>Next to</text:span></text:p><text:p text:style-name="sense_senses_entry_letData"><text:span>3) </text:span><text:span>adj</text:span><text:span>Eng </text:span><text:span>tall</text:span></text:p><text:p text:style-name="entry_letData"><text:span>der.</text:span><text:span text:style-name="complexentryform_.bzh_xitem_complexformrefs_entry_letData">adingnë</text:span><text:span>comp.</text:span><text:span>adingseḳë</text:span></text:p><text:p text:style-name="entry_letData"><text:span>adingnë</text:span><text:span>a.ˈⁿdiŋəne</text:span><text:span>der. of</text:span><text:span>ading</text:span>
        </text:p><text:p text:style-name="sense_senses_entry_letData"><text:span>Adv</text:span><text:span>Eng </text:span><text:span>far away, at a distance</text:span><text:span>Pdg </text:span><text:span>longwe tru</text:span><text:span>Bua </text:span><text:span>Gwetah honġ na adingnë</text:span><text:span>Eng </text:span><text:span>Move well back/far away</text:span><text:span>Bua </text:span><text:span>Bël tuus geya adingnë rot.</text:span><text:span>Eng </text:span><text:span>The stream was dried up and (so) he went very far.</text:span><text:span>8.2.6.1</text:span><text:span>Far</text:span><text:span>8.2.6.2</text:span><text:span>Near</text:span><text:span>8.5.1.2</text:span><text:span>Beside</text:span><text:span>8.5.1.5</text:span><text:span>Touching, contact</text:span><text:span>8.5.1.5.1</text:span><text:span>Next to</text:span><text:span>8.5.3</text:span><text:span>Be at a place</text:span></text:p><text:p text:style-name="entry_letData"><text:span>ayur</text:span><text:span>a.ˈyuɾ</text:span>
        </text:p><text:p text:style-name="sense_senses_entry_letData"><text:span>1) </text:span><text:span>noun(al)</text:span><text:span>Eng </text:span><text:span>small bag, a small string bag made from pelepeḳ (q.v)</text:span><text:span>Pdg </text:span><text:span>liklik bilum, basket</text:span><text:span>Bua </text:span><text:span>Ġebasu ggipek doḳ na ayur in rëḳ mala nama</text:span><text:span>Eng </text:span><text:span>Put the knife in the bag so it won't get lost</text:span><text:span>6.7.7</text:span><text:span>Container</text:span><text:span>8.2</text:span><text:span>Big</text:span><text:span>8.2.1</text:span><text:span>Small</text:span></text:p><text:p text:style-name="sense_senses_entry_letData"><text:span>2) </text:span><text:span>Eng </text:span><text:span>sac containing the embryo</text:span><text:span>Pdg </text:span><text:span>bilum bilong pikinini insait long bel bilong mama</text:span><text:span>Bua </text:span><text:span>Hur mahen luu denare loḳ ayur timu</text:span><text:span>Eng </text:span><text:span>The two babies were in one bag (i.e. they were identical twins)</text:span><text:span>1.6.1</text:span><text:span>Types of animals</text:span><text:span>2.1</text:span><text:span>Body</text:span></text:p></text:section></office:text></office:body></office:document-content>