<?xml version="1.0" encoding="utf-8"?><!DOCTYPE html PUBLIC "-//W3C//DTD XHTML 1.1//EN" "http://www.w3.org/TR/xhtml11/DTD/xhtml11.dtd"[
<!ATTLIST html lang CDATA #REQUIRED >
<!ATTLIST span lang CDATA #IMPLIED >
<!ATTLIST span entryguid CDATA #IMPLIED >
<!ATTLIST img alt CDATA #IMPLIED >
]><html xmlns="http://www.w3.org/1999/xhtml"><span class="Test-ps">Try: &#x2022; and &#x34;</span></html>